../Drivers/CMSIS/Include/core_cm4.h:1939:34:__NVIC_SystemReset	4	static,ignoring_inline_asm
../Core/Src/main.c:98:5:main	8	static
../Core/Src/main.c:154:6:SystemClock_Config	160	static
../Core/Src/main.c:202:13:MX_CRC_Init	8	static
../Core/Src/main.c:233:13:MX_USART2_UART_Init	8	static
../Core/Src/main.c:268:13:MX_USART3_UART_Init	8	static
../Core/Src/main.c:303:13:MX_GPIO_Init	48	static
../Core/Src/main.c:339:6:printmsg	96	static
../Core/Src/main.c:354:6:bootloader_uart_read_data	8	static
../Core/Src/main.c:404:6:bootloader_jump_to_user_app	24	static,ignoring_inline_asm
../Core/Src/main.c:433:6:Error_Handler	4	static,ignoring_inline_asm
../Core/Src/main.c:461:6:bootloader_handle_getver_cmd	24	static
../Core/Src/main.c:473:6:bootloader_handle_flash_erase_cmd	40	static
../Core/Src/main.c:504:6:bootloader_handle_mem_write_cmd	296	static
../Core/Src/main.c:549:9:get_bootloader_version	4	static
../Core/Src/main.c:554:6:bootloader_uart_response_data	16	static
../Core/Src/main.c:560:17:decode__erase_command	40	static
../Core/Src/main.c:596:6:bootloder_handle_mem_write_prepare	24	static
../Core/Src/main.c:617:6:bootloader_handle_mem_verify	112	static
../Core/Src/main.c:652:19:erase_signature_area	32	static
../Core/Src/main.c:667:26:application_signature_write	48	static
../Core/Src/main.c:694:26:signature_check_boot	48	static
