Archive member included to satisfy reference by file (symbol)

D:\Embedded Systems\Bootloader_Developement\Booloader\STM32_Cryptographic\lib\libSTM32Cryptographic_CM4.a(cmox_ecc.c.o)
                              ./Core/Src/secure_wrapper.o (cmox_ecc_construct)
D:\Embedded Systems\Bootloader_Developement\Booloader\STM32_Cryptographic\lib\libSTM32Cryptographic_CM4.a(cmox_ecc_curve_p256.c.o)
                              ./Core/Src/secure_wrapper.o (CMOX_ECC_SECP256R1_HIGHMEM)
D:\Embedded Systems\Bootloader_Developement\Booloader\STM32_Cryptographic\lib\libSTM32Cryptographic_CM4.a(cmox_ecc_point_funcs.c.o)
                              D:\Embedded Systems\Bootloader_Developement\Booloader\STM32_Cryptographic\lib\libSTM32Cryptographic_CM4.a(cmox_ecc_curve_p256.c.o) (Point_Funcs_SW_a3)
D:\Embedded Systems\Bootloader_Developement\Booloader\STM32_Cryptographic\lib\libSTM32Cryptographic_CM4.a(cmox_ecdsa.c.o)
                              ./Core/Src/secure_wrapper.o (cmox_ecdsa_verify)
D:\Embedded Systems\Bootloader_Developement\Booloader\STM32_Cryptographic\lib\libSTM32Cryptographic_CM4.a(cmox_hash.c.o)
                              ./Core/Src/secure_wrapper.o (cmox_hash_compute)
D:\Embedded Systems\Bootloader_Developement\Booloader\STM32_Cryptographic\lib\libSTM32Cryptographic_CM4.a(cmox_init.c.o)
                              D:\Embedded Systems\Bootloader_Developement\Booloader\STM32_Cryptographic\lib\libSTM32Cryptographic_CM4.a(cmox_ecc.c.o) (cmox_init_ctxi)
D:\Embedded Systems\Bootloader_Developement\Booloader\STM32_Cryptographic\lib\libSTM32Cryptographic_CM4.a(cmox_math.c.o)
                              D:\Embedded Systems\Bootloader_Developement\Booloader\STM32_Cryptographic\lib\libSTM32Cryptographic_CM4.a(cmox_ecc.c.o) (cmox_AddBN_Int)
D:\Embedded Systems\Bootloader_Developement\Booloader\STM32_Cryptographic\lib\libSTM32Cryptographic_CM4.a(cmox_math_armv7em_llf.c.o)
                              ./Core/Src/secure_wrapper.o (CMOX_MATH_FUNCS_FAST)
D:\Embedded Systems\Bootloader_Developement\Booloader\STM32_Cryptographic\lib\libSTM32Cryptographic_CM4.a(cmox_mathutils.c.o)
                              D:\Embedded Systems\Bootloader_Developement\Booloader\STM32_Cryptographic\lib\libSTM32Cryptographic_CM4.a(cmox_ecc.c.o) (cmox_mathUtils_bitLength)
D:\Embedded Systems\Bootloader_Developement\Booloader\STM32_Cryptographic\lib\libSTM32Cryptographic_CM4.a(cmox_membuf.c.o)
                              D:\Embedded Systems\Bootloader_Developement\Booloader\STM32_Cryptographic\lib\libSTM32Cryptographic_CM4.a(cmox_ecc.c.o) (cmox_membuf_alloc)
D:\Embedded Systems\Bootloader_Developement\Booloader\STM32_Cryptographic\lib\libSTM32Cryptographic_CM4.a(cmox_modexp.c.o)
                              D:\Embedded Systems\Bootloader_Developement\Booloader\STM32_Cryptographic\lib\libSTM32Cryptographic_CM4.a(cmox_ecc_curve_p256.c.o) (cmox_modexp_fn_public_highmem)
D:\Embedded Systems\Bootloader_Developement\Booloader\STM32_Cryptographic\lib\libSTM32Cryptographic_CM4.a(cmox_scalarmul.c.o)
                              D:\Embedded Systems\Bootloader_Developement\Booloader\STM32_Cryptographic\lib\libSTM32Cryptographic_CM4.a(cmox_ecc_curve_p256.c.o) (cmox_scalarmul_dblbase_wmof)
D:\Embedded Systems\Bootloader_Developement\Booloader\STM32_Cryptographic\lib\libSTM32Cryptographic_CM4.a(cmox_sha256.c.o)
                              ./Core/Src/secure_wrapper.o (CMOX_SHA256_ALGO)
D:\Embedded Systems\Bootloader_Developement\Booloader\STM32_Cryptographic\lib\libSTM32Cryptographic_CM4.a(cmox_sha256_common.c.o)
                              D:\Embedded Systems\Bootloader_Developement\Booloader\STM32_Cryptographic\lib\libSTM32Cryptographic_CM4.a(cmox_sha256.c.o) (CMOX_MD_SHA256_VTABLE_ST)
D:\Embedded Systems\Bootloader_Developement\Booloader\STM32_Cryptographic\lib\libSTM32Cryptographic_CM4.a(cmox_utils_compare.c.o)
                              D:\Embedded Systems\Bootloader_Developement\Booloader\STM32_Cryptographic\lib\libSTM32Cryptographic_CM4.a(cmox_ecdsa.c.o) (cmox_utils_robustCmp)
D:\Embedded Systems\Bootloader_Developement\Booloader\STM32_Cryptographic\lib\libSTM32Cryptographic_CM4.a(cmox_bn.c.o)
                              D:\Embedded Systems\Bootloader_Developement\Booloader\STM32_Cryptographic\lib\libSTM32Cryptographic_CM4.a(cmox_ecc.c.o) (cmox_bn_alloc)
D:\Embedded Systems\Bootloader_Developement\Booloader\STM32_Cryptographic\lib\libSTM32Cryptographic_CM4.a(cmox_math_armv7em_ewarm_mm-fios.s.o)
                              D:\Embedded Systems\Bootloader_Developement\Booloader\STM32_Cryptographic\lib\libSTM32Cryptographic_CM4.a(cmox_math_armv7em_llf.c.o) (cmox_asm_montymul)
D:\Embedded Systems\Bootloader_Developement\Booloader\STM32_Cryptographic\lib\libSTM32Cryptographic_CM4.a(cmox_math_armv7em_ewarm_mm-fios256.s.o)
                              D:\Embedded Systems\Bootloader_Developement\Booloader\STM32_Cryptographic\lib\libSTM32Cryptographic_CM4.a(cmox_math_armv7em_llf.c.o) (cmox_asm_montymul_fast256)
[...]
Memory Configuration

Name             Origin             Length             Attributes
CCMRAM           0x10000000         0x00004000         xrw
RAM              0x20000000         0x00010000         xrw
FLASH            0x08000000         0x0000a000         xr
*default*        0x00000000         0xffffffff

Linker script and memory map

LOAD C:/ST/STM32CubeIDE_1.18.1/STM32CubeIDE/plugins/com.st.stm32cube.ide.mcu.externaltools.gnu-tools-for-stm32.13.3.rel1.win32_1.0.0.202411081344/tools/bin/../lib/gcc/arm-none-eabi/13.3.1/thumb/v7e-m/nofp/crti.o
LOAD C:/ST/STM32CubeIDE_1.18.1/STM32CubeIDE/plugins/com.st.stm32cube.ide.mcu.externaltools.gnu-tools-for-stm32.13.3.rel1.win32_1.0.0.202411081344/tools/bin/../lib/gcc/arm-none-eabi/13.3.1/thumb/v7e-m/nofp/crtbegin.o
LOAD C:/ST/STM32CubeIDE_1.18.1/STM32CubeIDE/plugins/com.st.stm32cube.ide.mcu.externaltools.gnu-tools-for-stm32.13.3.rel1.win32_1.0.0.202411081344/tools/bin/../lib/gcc/arm-none-eabi/13.3.1/../../../../arm-none-eabi/lib/thumb/v7e-m/nofp/crt0.o
LOAD ./Core/Src/cmox_low_level.o
LOAD ./Core/Src/main.o
LOAD ./Core/Src/secure_wrapper.o
LOAD ./Core/Src/stm32f3xx_hal_msp.o
LOAD ./Core/Src/stm32f3xx_it.o
LOAD ./Core/Src/syscalls.o
LOAD ./Core/Src/sysmem.o
LOAD ./Core/Src/system_stm32f3xx.o
LOAD ./Core/Startup/startup_stm32f303retx.o
LOAD ./Drivers/STM32F3xx_HAL_Driver/Src/stm32f3xx_hal.o
LOAD ./Drivers/STM32F3xx_HAL_Driver/Src/stm32f3xx_hal_cortex.o
LOAD ./Drivers/STM32F3xx_HAL_Driver/Src/stm32f3xx_hal_crc.o
LOAD ./Drivers/STM32F3xx_HAL_Driver/Src/stm32f3xx_hal_crc_ex.o
LOAD ./Drivers/STM32F3xx_HAL_Driver/Src/stm32f3xx_hal_dma.o
LOAD ./Drivers/STM32F3xx_HAL_Driver/Src/stm32f3xx_hal_exti.o
LOAD ./Drivers/STM32F3xx_HAL_Driver/Src/stm32f3xx_hal_flash.o
LOAD ./Drivers/STM32F3xx_HAL_Driver/Src/stm32f3xx_hal_flash_ex.o
LOAD ./Drivers/STM32F3xx_HAL_Driver/Src/stm32f3xx_hal_gpio.o
LOAD ./Drivers/STM32F3xx_HAL_Driver/Src/stm32f3xx_hal_i2c.o
LOAD ./Drivers/STM32F3xx_HAL_Driver/Src/stm32f3xx_hal_i2c_ex.o
LOAD ./Drivers/STM32F3xx_HAL_Driver/Src/stm32f3xx_hal_pwr.o
LOAD ./Drivers/STM32F3xx_HAL_Driver/Src/stm32f3xx_hal_pwr_ex.o
LOAD ./Drivers/STM32F3xx_HAL_Driver/Src/stm32f3xx_hal_rcc.o
LOAD ./Drivers/STM32F3xx_HAL_Driver/Src/stm32f3xx_hal_rcc_ex.o
LOAD ./Drivers/STM32F3xx_HAL_Driver/Src/stm32f3xx_hal_uart.o
LOAD ./Drivers/STM32F3xx_HAL_Driver/Src/stm32f3xx_hal_uart_ex.o
LOAD D:\Embedded Systems\Bootloader_Developement\Booloader\STM32_Cryptographic\lib\libSTM32Cryptographic_CM4.a
START GROUP
LOAD C:/ST/STM32CubeIDE_1.18.1/STM32CubeIDE/plugins/com.st.stm32cube.ide.mcu.externaltools.gnu-tools-for-stm32.13.3.rel1.win32_1.0.0.202411081344/tools/bin/../lib/gcc/arm-none-eabi/13.3.1/../../../../arm-none-eabi/lib/thumb/v7e-m/nofp\libc_nano.a
LOAD C:/ST/STM32CubeIDE_1.18.1/STM32CubeIDE/plugins/com.st.stm32cube.ide.mcu.externaltools.gnu-tools-for-stm32.13.3.rel1.win32_1.0.0.202411081344/tools/bin/../lib/gcc/arm-none-eabi/13.3.1/../../../../arm-none-eabi/lib/thumb/v7e-m/nofp\libm.a
END GROUP
START GROUP
LOAD C:/ST/STM32CubeIDE_1.18.1/STM32CubeIDE/plugins/com.st.stm32cube.ide.mcu.externaltools.gnu-tools-for-stm32.13.3.rel1.win32_1.0.0.202411081344/tools/bin/../lib/gcc/arm-none-eabi/13.3.1/thumb/v7e-m/nofp\libgcc.a
LOAD C:/ST/STM32CubeIDE_1.18.1/STM32CubeIDE/plugins/com.st.stm32cube.ide.mcu.externaltools.gnu-tools-for-stm32.13.3.rel1.win32_1.0.0.202411081344/tools/bin/../lib/gcc/arm-none-eabi/13.3.1/../../../../arm-none-eabi/lib/thumb/v7e-m/nofp\libc_nano.a
END GROUP
START GROUP
LOAD C:/ST/STM32CubeIDE_1.18.1/STM32CubeIDE/plugins/com.st.stm32cube.ide.mcu.externaltools.gnu-tools-for-stm32.13.3.rel1.win32_1.0.0.202411081344/tools/bin/../lib/gcc/arm-none-eabi/13.3.1/thumb/v7e-m/nofp\libgcc.a
LOAD C:/ST/STM32CubeIDE_1.18.1/STM32CubeIDE/plugins/com.st.stm32cube.ide.mcu.externaltools.gnu-tools-for-stm32.13.3.rel1.win32_1.0.0.202411081344/tools/bin/../lib/gcc/arm-none-eabi/13.3.1/../../../../arm-none-eabi/lib/thumb/v7e-m/nofp\libc_nano.a
LOAD C:/ST/STM32CubeIDE_1.18.1/STM32CubeIDE/plugins/com.st.stm32cube.ide.mcu.externaltools.gnu-tools-for-stm32.13.3.rel1.win32_1.0.0.202411081344/tools/bin/../lib/gcc/arm-none-eabi/13.3.1/../../../../arm-none-eabi/lib/thumb/v7e-m/nofp\libnosys.a
END GROUP
START GROUP
LOAD C:/ST/STM32CubeIDE_1.18.1/STM32CubeIDE/plugins/com.st.stm32cube.ide.mcu.externaltools.gnu-tools-for-stm32.13.3.rel1.win32_1.0.0.202411081344/tools/bin/../lib/gcc/arm-none-eabi/13.3.1/thumb/v7e-m/nofp\libgcc.a
LOAD C:/ST/STM32CubeIDE_1.18.1/STM32CubeIDE/plugins/com.st.stm32cube.ide.mcu.externaltools.gnu-tools-for-stm32.13.3.rel1.win32_1.0.0.202411081344/tools/bin/../lib/gcc/arm-none-eabi/13.3.1/../../../../arm-none-eabi/lib/thumb/v7e-m/nofp\libc_nano.a
LOAD C:/ST/STM32CubeIDE_1.18.1/STM32CubeIDE/plugins/com.st.stm32cube.ide.mcu.externaltools.gnu-tools-for-stm32.13.3.rel1.win32_1.0.0.202411081344/tools/bin/../lib/gcc/arm-none-eabi/13.3.1/../../../../arm-none-eabi/lib/thumb/v7e-m/nofp\libnosys.a
END GROUP
LOAD C:/ST/STM32CubeIDE_1.18.1/STM32CubeIDE/plugins/com.st.stm32cube.ide.mcu.externaltools.gnu-tools-for-stm32.13.3.rel1.win32_1.0.0.202411081344/tools/bin/../lib/gcc/arm-none-eabi/13.3.1/thumb/v7e-m/nofp/crtend.o
LOAD C:/ST/STM32CubeIDE_1.18.1/STM32CubeIDE/plugins/com.st.stm32cube.ide.mcu.externaltools.gnu-tools-for-stm32.13.3.rel1.win32_1.0.0.202411081344/tools/bin/../lib/gcc/arm-none-eabi/13.3.1/thumb/v7e-m/nofp/crtn.o
                0x20010000                        _estack = (ORIGIN (RAM) + LENGTH (RAM))
                0x00000200                        _Min_Heap_Size = 0x200
                0x00001000                        _Min_Stack_Size = 0x1000

.isr_vector     0x08000000      0x194
                0x08000000                        . = ALIGN (0x4)
 *(.isr_vector)
 .isr_vector    0x08000000      0x194 ./Core/Startup/startup_stm32f303retx.o
                0x08000000                g_pfnVectors
                0x08000194                        . = ALIGN (0x4)

.text           0x080001a0     0x8e7c
                0x080001a0                        . = ALIGN (0x4)
 *(.text)
 .text          0x080001a0       0x40 C:/ST/STM32CubeIDE_1.18.1/STM32CubeIDE/plugins/com.st.stm32cube.ide.mcu.externaltools.gnu-tools-for-stm32.13.3.rel1.win32_1.0.0.202411081344/tools/bin/../lib/gcc/arm-none-eabi/13.3.1/thumb/v7e-m/nofp/crtbegin.o
 .text          0x080001e0       0x2c D:\Embedded Systems\Bootloader_Developement\Booloader\STM32_Cryptographic\lib\libSTM32Cryptographic_CM4.a(cmox_ecc.c.o)
                0x080001e0                cmox_ecc_construct
 .text          0x0800020c       0x5c D:\Embedded Systems\Bootloader_Developement\Booloader\STM32_Cryptographic\lib\libSTM32Cryptographic_CM4.a(cmox_ecc.c.o)
                0x0800020c                cmox_ECC_InvertModN
 .text          0x08000268       0x1c D:\Embedded Systems\Bootloader_Developement\Booloader\STM32_Cryptographic\lib\libSTM32Cryptographic_CM4.a(cmox_ecc.c.o)
                0x08000268                cmox_ECC_InitCurve
 .text          0x08000284       0x10 D:\Embedded Systems\Bootloader_Developement\Booloader\STM32_Cryptographic\lib\libSTM32Cryptographic_CM4.a(cmox_ecc.c.o)
                0x08000284                cmox_ECC_InitCurveModDomainP
 .text          0x08000294       0x10 D:\Embedded Systems\Bootloader_Developement\Booloader\STM32_Cryptographic\lib\libSTM32Cryptographic_CM4.a(cmox_ecc.c.o)
                0x08000294                cmox_ECC_InitCurveModDomainN
 .text          0x080002a4        0x6 D:\Embedded Systems\Bootloader_Developement\Booloader\STM32_Cryptographic\lib\libSTM32Cryptographic_CM4.a(cmox_ecc.c.o)
                0x080002a4                cmox_ECC_DeInitCurveModDomain
 .text          0x080002aa       0xb8 D:\Embedded Systems\Bootloader_Developement\Booloader\STM32_Cryptographic\lib\libSTM32Cryptographic_CM4.a(cmox_ecc.c.o)
                0x080002aa                cmox_ECC_AllocPoint
 .text          0x08000362       0x60 D:\Embedded Systems\Bootloader_Developement\Booloader\STM32_Cryptographic\lib\libSTM32Cryptographic_CM4.a(cmox_ecc.c.o)
                0x08000362                cmox_ECC_FreePoint
 *fill*         0x080003c2        0x2 
 .text          0x080003c4     0x1ba2 D:\Embedded Systems\Bootloader_Developement\Booloader\STM32_Cryptographic\lib\libSTM32Cryptographic_CM4.a(cmox_ecc.c.o)
                0x080003c4                cmox_ECC_CondCopyPoint
                0x0800042a                cmox_ECC_CondSymmetricPoint
                0x08000478                cmox_ECC_SetPointAtInfinity
                0x080004fe                cmox_ECC_CondImportPoint
                0x080005f8                cmox_ECC_PointToModularDomain
                0x0800064c                cmox_ECC_PointFromModularDomain
                0x080006a8                cmox_ECC_PointValidation
                0x08000810                cmox_ECC_PointToAffine
                0x080009e4                cmox_ECC_EDW_DecPoint_ed25519
                0x08000ca2                cmox_ECC_EDW_DecPoint_ed448
                0x08000efe                cmox_ECC_MONTY_Clamping
                0x08000f5e                cmox_ECC_SW_AddPoints_JacoAff
                0x080010e6                cmox_ECC_SW_AddPoints_Jacobian
                0x08001268                cmox_ECC_SW_DblPoint_Jac_a3
                0x0800139c                cmox_ECC_SW_DblPoint_Jacobian
                0x08001568                cmox_ECC_EDW_AddPoints_ProjAff
                0x080016c2                cmox_ECC_EDW_AddPoints_Proj
                0x08001824                cmox_ECC_EDW_DblPoint_Proj
                0x08001946                cmox_ECC_EDW_AddPnts_ExtAff_a_1
                0x08001a74                cmox_ECC_EDW_AddPoints_Ext_a_1
                0x08001baa                cmox_ECC_EDW_DblPoint_Ext_a_1
                0x08001cde                cmox_ECC_MONTY_Ladder_XzAff
                0x08001e0c                cmox_ECC_CompleteMADD
                0x08001eb6                cmox_ECC_CompleteADD
 .text          0x08001f66       0x3e D:\Embedded Systems\Bootloader_Developement\Booloader\STM32_Cryptographic\lib\libSTM32Cryptographic_CM4.a(cmox_ecc.c.o)
                0x08001f66                cmox_ECC_CompleteDBL
 .text          0x08001fa4        0x8 D:\Embedded Systems\Bootloader_Developement\Booloader\STM32_Cryptographic\lib\libSTM32Cryptographic_CM4.a(cmox_ecc.c.o)
 .text          0x08001fac      0x2e8 D:\Embedded Systems\Bootloader_Developement\Booloader\STM32_Cryptographic\lib\libSTM32Cryptographic_CM4.a(cmox_ecdsa.c.o)
                0x08001fac                cmox_ecdsa_verify
 .text          0x08002294       0x34 D:\Embedded Systems\Bootloader_Developement\Booloader\STM32_Cryptographic\lib\libSTM32Cryptographic_CM4.a(cmox_hash.c.o)
                0x08002294                cmox_hash_compute
 .text          0x080022c8       0x5c D:\Embedded Systems\Bootloader_Developement\Booloader\STM32_Cryptographic\lib\libSTM32Cryptographic_CM4.a(cmox_hash.c.o)
                0x080022c8                cmox_hash_common_compute
 .text          0x08002324       0x80 D:\Embedded Systems\Bootloader_Developement\Booloader\STM32_Cryptographic\lib\libSTM32Cryptographic_CM4.a(cmox_init.c.o)
                0x08002324                cmox_initialize
 .text          0x080023a4       0x16 D:\Embedded Systems\Bootloader_Developement\Booloader\STM32_Cryptographic\lib\libSTM32Cryptographic_CM4.a(cmox_math.c.o)
                0x080023a4                cmox_red_fake_copy_in_to_out
 .text          0x080023ba       0x38 D:\Embedded Systems\Bootloader_Developement\Booloader\STM32_Cryptographic\lib\libSTM32Cryptographic_CM4.a(cmox_math.c.o)
 .text          0x080023f2       0x56 D:\Embedded Systems\Bootloader_Developement\Booloader\STM32_Cryptographic\lib\libSTM32Cryptographic_CM4.a(cmox_math.c.o)
                0x080023f2                cmox_RightShiftBN
 .text          0x08002448      0x122 D:\Embedded Systems\Bootloader_Developement\Booloader\STM32_Cryptographic\lib\libSTM32Cryptographic_CM4.a(cmox_math.c.o)
                0x08002448                cmox_ModAddBN
 .text          0x0800256a       0xfe D:\Embedded Systems\Bootloader_Developement\Booloader\STM32_Cryptographic\lib\libSTM32Cryptographic_CM4.a(cmox_math.c.o)
                0x0800256a                cmox_ModSubBN
 .text          0x08002668       0x68 D:\Embedded Systems\Bootloader_Developement\Booloader\STM32_Cryptographic\lib\libSTM32Cryptographic_CM4.a(cmox_math.c.o)
                0x08002668                cmox_SubBN
 .text          0x080026d0       0x3e D:\Embedded Systems\Bootloader_Developement\Booloader\STM32_Cryptographic\lib\libSTM32Cryptographic_CM4.a(cmox_math.c.o)
                0x080026d0                cmox_AddBN_Int
 .text          0x0800270e       0xa4 D:\Embedded Systems\Bootloader_Developement\Booloader\STM32_Cryptographic\lib\libSTM32Cryptographic_CM4.a(cmox_math.c.o)
                0x0800270e                cmox_FieldBN_Div2
 .text          0x080027b2       0xbe D:\Embedded Systems\Bootloader_Developement\Booloader\STM32_Cryptographic\lib\libSTM32Cryptographic_CM4.a(cmox_math.c.o)
                0x080027b2                cmox_FieldBN_Mul2
 .text          0x08002870       0x5c D:\Embedded Systems\Bootloader_Developement\Booloader\STM32_Cryptographic\lib\libSTM32Cryptographic_CM4.a(cmox_math.c.o)
                0x08002870                cmox_FieldBN_CondNegate
 .text          0x080028cc       0x32 D:\Embedded Systems\Bootloader_Developement\Booloader\STM32_Cryptographic\lib\libSTM32Cryptographic_CM4.a(cmox_math.c.o)
                0x080028cc                cmox_ModularBN_InitWithR2
 .text          0x080028fe       0x10 D:\Embedded Systems\Bootloader_Developement\Booloader\STM32_Cryptographic\lib\libSTM32Cryptographic_CM4.a(cmox_math.c.o)
                0x080028fe                cmox_ModularBN_Enter
 .text          0x0800290e       0x44 D:\Embedded Systems\Bootloader_Developement\Booloader\STM32_Cryptographic\lib\libSTM32Cryptographic_CM4.a(cmox_math.c.o)
                0x0800290e                cmox_ModularBN_Exit
 .text          0x08002952       0x46 D:\Embedded Systems\Bootloader_Developement\Booloader\STM32_Cryptographic\lib\libSTM32Cryptographic_CM4.a(cmox_math.c.o)
                0x08002952                cmox_ModularBN_Mul
 .text          0x08002998       0x42 D:\Embedded Systems\Bootloader_Developement\Booloader\STM32_Cryptographic\lib\libSTM32Cryptographic_CM4.a(cmox_math.c.o)
                0x08002998                cmox_ModularBN_Sqr
 .text          0x080029da       0x18 D:\Embedded Systems\Bootloader_Developement\Booloader\STM32_Cryptographic\lib\libSTM32Cryptographic_CM4.a(cmox_math.c.o)
                0x080029da                cmox_ModularBN_DeinitWithR2
 .text          0x080029f2       0x18 D:\Embedded Systems\Bootloader_Developement\Booloader\STM32_Cryptographic\lib\libSTM32Cryptographic_CM4.a(cmox_math_armv7em_llf.c.o)
                0x080029f2                cmox_asm_montymul_x128__sqr
 .text          0x08002a0a        0xa D:\Embedded Systems\Bootloader_Developement\Booloader\STM32_Cryptographic\lib\libSTM32Cryptographic_CM4.a(cmox_mathutils.c.o)
                0x08002a0a                cmox_mathUtils_mux
 .text          0x08002a14        0x6 D:\Embedded Systems\Bootloader_Developement\Booloader\STM32_Cryptographic\lib\libSTM32Cryptographic_CM4.a(cmox_mathutils.c.o)
                0x08002a14                cmox_mathUtils_not
 .text          0x08002a1a        0xa D:\Embedded Systems\Bootloader_Developement\Booloader\STM32_Cryptographic\lib\libSTM32Cryptographic_CM4.a(cmox_mathutils.c.o)
                0x08002a1a                cmox_mathUtils_neq
 .text          0x08002a24        0xe D:\Embedded Systems\Bootloader_Developement\Booloader\STM32_Cryptographic\lib\libSTM32Cryptographic_CM4.a(cmox_mathutils.c.o)
                0x08002a24                cmox_mathUtils_gt
 .text          0x08002a32       0x24 D:\Embedded Systems\Bootloader_Developement\Booloader\STM32_Cryptographic\lib\libSTM32Cryptographic_CM4.a(cmox_mathutils.c.o)
                0x08002a32                cmox_mathUtils_bitLength
 .text          0x08002a56       0x10 D:\Embedded Systems\Bootloader_Developement\Booloader\STM32_Cryptographic\lib\libSTM32Cryptographic_CM4.a(cmox_mathutils.c.o)
                0x08002a56                cmox_mathUtils_abs
 .text          0x08002a66       0x20 D:\Embedded Systems\Bootloader_Developement\Booloader\STM32_Cryptographic\lib\libSTM32Cryptographic_CM4.a(cmox_membuf.c.o)
                0x08002a66                cmox_membuf_init
                0x08002a68                cmox_membuf_set
                0x08002a7c                cmox_membuf_getFree
 .text          0x08002a86       0x3e D:\Embedded Systems\Bootloader_Developement\Booloader\STM32_Cryptographic\lib\libSTM32Cryptographic_CM4.a(cmox_membuf.c.o)
                0x08002a86                cmox_membuf_alloc
 .text          0x08002ac4       0x2a D:\Embedded Systems\Bootloader_Developement\Booloader\STM32_Cryptographic\lib\libSTM32Cryptographic_CM4.a(cmox_membuf.c.o)
                0x08002ac4                cmox_membuf_free
 *fill*         0x08002aee        0x2 
 .text          0x08002af0      0x23c D:\Embedded Systems\Bootloader_Developement\Booloader\STM32_Cryptographic\lib\libSTM32Cryptographic_CM4.a(cmox_modexp.c.o)
                0x08002b00                cmox_ModExpBN_SW
 .text          0x08002d2c      0x3f8 D:\Embedded Systems\Bootloader_Developement\Booloader\STM32_Cryptographic\lib\libSTM32Cryptographic_CM4.a(cmox_scalarmul.c.o)
 .text          0x08003124      0x3ac D:\Embedded Systems\Bootloader_Developement\Booloader\STM32_Cryptographic\lib\libSTM32Cryptographic_CM4.a(cmox_scalarmul.c.o)
 .text          0x080034d0      0x67c D:\Embedded Systems\Bootloader_Developement\Booloader\STM32_Cryptographic\lib\libSTM32Cryptographic_CM4.a(cmox_scalarmul.c.o)
 .text          0x08003b4c       0xb2 D:\Embedded Systems\Bootloader_Developement\Booloader\STM32_Cryptographic\lib\libSTM32Cryptographic_CM4.a(cmox_scalarmul.c.o)
 *fill*         0x08003bfe        0x2 
 .text          0x08003c00       0x2c D:\Embedded Systems\Bootloader_Developement\Booloader\STM32_Cryptographic\lib\libSTM32Cryptographic_CM4.a(cmox_sha256.c.o)
 .text          0x08003c2c       0x40 D:\Embedded Systems\Bootloader_Developement\Booloader\STM32_Cryptographic\lib\libSTM32Cryptographic_CM4.a(cmox_sha256.c.o)
 .text          0x08003c6c       0x20 D:\Embedded Systems\Bootloader_Developement\Booloader\STM32_Cryptographic\lib\libSTM32Cryptographic_CM4.a(cmox_sha256.c.o)
 .text          0x08003c8c       0x30 D:\Embedded Systems\Bootloader_Developement\Booloader\STM32_Cryptographic\lib\libSTM32Cryptographic_CM4.a(cmox_sha256.c.o)
 .text          0x08003cbc       0x30 D:\Embedded Systems\Bootloader_Developement\Booloader\STM32_Cryptographic\lib\libSTM32Cryptographic_CM4.a(cmox_sha256.c.o)
 .text          0x08003cec       0x70 D:\Embedded Systems\Bootloader_Developement\Booloader\STM32_Cryptographic\lib\libSTM32Cryptographic_CM4.a(cmox_sha256.c.o)
 .text          0x08003d5c      0x1ec D:\Embedded Systems\Bootloader_Developement\Booloader\STM32_Cryptographic\lib\libSTM32Cryptographic_CM4.a(cmox_sha256_common.c.o)
 .text          0x08003f48       0x30 D:\Embedded Systems\Bootloader_Developement\Booloader\STM32_Cryptographic\lib\libSTM32Cryptographic_CM4.a(cmox_utils_compare.c.o)
 .text          0x08003f78       0x36 D:\Embedded Systems\Bootloader_Developement\Booloader\STM32_Cryptographic\lib\libSTM32Cryptographic_CM4.a(cmox_utils_compare.c.o)
 .text          0x08003fae       0x96 D:\Embedded Systems\Bootloader_Developement\Booloader\STM32_Cryptographic\lib\libSTM32Cryptographic_CM4.a(cmox_utils_compare.c.o)
 .text          0x08004044       0x8c D:\Embedded Systems\Bootloader_Developement\Booloader\STM32_Cryptographic\lib\libSTM32Cryptographic_CM4.a(cmox_utils_compare.c.o)
 .text          0x080040d0       0xfc D:\Embedded Systems\Bootloader_Developement\Booloader\STM32_Cryptographic\lib\libSTM32Cryptographic_CM4.a(cmox_utils_compare.c.o)
                0x080040dc                cmox_utils_robustCmp
 .text          0x080041cc       0x16 D:\Embedded Systems\Bootloader_Developement\Booloader\STM32_Cryptographic\lib\libSTM32Cryptographic_CM4.a(cmox_bn.c.o)
                0x080041cc                cmox_bn_alloc
 .text          0x080041e2       0x16 D:\Embedded Systems\Bootloader_Developement\Booloader\STM32_Cryptographic\lib\libSTM32Cryptographic_CM4.a(cmox_bn.c.o)
                0x080041e2                cmox_bn_free
 .text          0x080041f8       0x42 D:\Embedded Systems\Bootloader_Developement\Booloader\STM32_Cryptographic\lib\libSTM32Cryptographic_CM4.a(cmox_bn.c.o)
                0x080041f8                cmox_bn_import
 .text          0x0800423a       0x1e D:\Embedded Systems\Bootloader_Developement\Booloader\STM32_Cryptographic\lib\libSTM32Cryptographic_CM4.a(cmox_bn.c.o)
                0x0800423a                cmox_bn_init
 .text          0x08004258       0x70 D:\Embedded Systems\Bootloader_Developement\Booloader\STM32_Cryptographic\lib\libSTM32Cryptographic_CM4.a(cmox_bn.c.o)
                0x08004258                cmox_bn_cCopy
 .text          0x080042c8        0xa D:\Embedded Systems\Bootloader_Developement\Booloader\STM32_Cryptographic\lib\libSTM32Cryptographic_CM4.a(cmox_bn.c.o)
                0x080042c8                cmox_bn_mux
 .text          0x080042d2       0x82 D:\Embedded Systems\Bootloader_Developement\Booloader\STM32_Cryptographic\lib\libSTM32Cryptographic_CM4.a(cmox_bn.c.o)
                0x080042d2                cmox_bn_cmp
 .text          0x08004354       0x2c D:\Embedded Systems\Bootloader_Developement\Booloader\STM32_Cryptographic\lib\libSTM32Cryptographic_CM4.a(cmox_bn.c.o)
                0x08004354                cmox_bn_cmpUint
 .text          0x08004380       0x32 D:\Embedded Systems\Bootloader_Developement\Booloader\STM32_Cryptographic\lib\libSTM32Cryptographic_CM4.a(cmox_bn.c.o)
                0x08004380                cmox_bn_countBits
 .text          0x080043b2       0x48 D:\Embedded Systems\Bootloader_Developement\Booloader\STM32_Cryptographic\lib\libSTM32Cryptographic_CM4.a(cmox_bn.c.o)
                0x080043b2                cmox_bn_getBits
 .text          0x080043fa       0x96 D:\Embedded Systems\Bootloader_Developement\Booloader\STM32_Cryptographic\lib\libSTM32Cryptographic_CM4.a(cmox_bn.c.o)
                0x080043fa                cmox_bn_setBits
 .text          0x08004490       0x86 D:\Embedded Systems\Bootloader_Developement\Booloader\STM32_Cryptographic\lib\libSTM32Cryptographic_CM4.a(cmox_bn.c.o)
                0x08004490                cmox_bn_fromU8BE
 .text          0x08004516       0x98 D:\Embedded Systems\Bootloader_Developement\Booloader\STM32_Cryptographic\lib\libSTM32Cryptographic_CM4.a(cmox_bn.c.o)
                0x08004516                cmox_bn_fromU8LE
 .text          0x080045ae      0x248 D:\Embedded Systems\Bootloader_Developement\Booloader\STM32_Cryptographic\lib\libSTM32Cryptographic_CM4.a(cmox_math_armv7em_ewarm_mm-mod4.s.o)
                0x080045ae                cmox_asm_montymul_x128
 .text          0x080047f6       0xbe D:\Embedded Systems\Bootloader_Developement\Booloader\STM32_Cryptographic\lib\libSTM32Cryptographic_CM4.a(cmox_math_armv7em_ewarm_montyred.s.o)
                0x080047f6                cmox_asm_montyred
 .text          0x080048b4       0x58 D:\Embedded Systems\Bootloader_Developement\Booloader\STM32_Cryptographic\lib\libSTM32Cryptographic_CM4.a(cmox_math_armv7em_ewarm_mul-os.s.o)
                0x080048b4                cmox_asm_mul
 .text          0x0800490c        0x8 D:\Embedded Systems\Bootloader_Developement\Booloader\STM32_Cryptographic\lib\libSTM32Cryptographic_CM4.a(cmox_md.c.o)
                0x0800490c                cmox_md_updateState_small
 .text          0x08004914       0x44 D:\Embedded Systems\Bootloader_Developement\Booloader\STM32_Cryptographic\lib\libSTM32Cryptographic_CM4.a(cmox_md.c.o)
                0x08004914                cmox_md_copyLastState_small
 .text          0x08004958       0x1a D:\Embedded Systems\Bootloader_Developement\Booloader\STM32_Cryptographic\lib\libSTM32Cryptographic_CM4.a(cmox_md.c.o)
                0x08004958                cmox_md_padMsgLen_small
 .text          0x08004972        0x8 D:\Embedded Systems\Bootloader_Developement\Booloader\STM32_Cryptographic\lib\libSTM32Cryptographic_CM4.a(cmox_md.c.o)
                0x08004972                cmox_md_construct
 .text          0x0800497a       0x1e D:\Embedded Systems\Bootloader_Developement\Booloader\STM32_Cryptographic\lib\libSTM32Cryptographic_CM4.a(cmox_md.c.o)
                0x0800497a                cmox_md_init
 .text          0x08004998        0x8 D:\Embedded Systems\Bootloader_Developement\Booloader\STM32_Cryptographic\lib\libSTM32Cryptographic_CM4.a(cmox_md.c.o)
                0x08004998                cmox_md_setTagSize
 .text          0x080049a0       0xa8 D:\Embedded Systems\Bootloader_Developement\Booloader\STM32_Cryptographic\lib\libSTM32Cryptographic_CM4.a(cmox_md.c.o)
                0x080049a0                cmox_md_append
 .text          0x08004a48      0x1a0 D:\Embedded Systems\Bootloader_Developement\Booloader\STM32_Cryptographic\lib\libSTM32Cryptographic_CM4.a(cmox_md.c.o)
                0x08004a48                cmox_md_generateTag
 .text          0x08004be8        0x8 D:\Embedded Systems\Bootloader_Developement\Booloader\STM32_Cryptographic\lib\libSTM32Cryptographic_CM4.a(cmox_md.c.o)
 .text          0x08004bf0       0x10 C:/ST/STM32CubeIDE_1.18.1/STM32CubeIDE/plugins/com.st.stm32cube.ide.mcu.externaltools.gnu-tools-for-stm32.13.3.rel1.win32_1.0.0.202411081344/tools/bin/../lib/gcc/arm-none-eabi/13.3.1/../../../../arm-none-eabi/lib/thumb/v7e-m/nofp\libc_nano.a(libc_a-strlen.o)
                0x08004bf0                strlen
 .text          0x08004c00       0xa0 C:/ST/STM32CubeIDE_1.18.1/STM32CubeIDE/plugins/com.st.stm32cube.ide.mcu.externaltools.gnu-tools-for-stm32.13.3.rel1.win32_1.0.0.202411081344/tools/bin/../lib/gcc/arm-none-eabi/13.3.1/../../../../arm-none-eabi/lib/thumb/v7e-m/nofp\libc_nano.a(libc_a-memchr.o)
                0x08004c00                memchr
 *(.text*)
 .text.cmox_ll_init
                0x08004ca0       0x30 ./Core/Src/cmox_low_level.o
                0x08004ca0                cmox_ll_init
 .text.main     0x08004cd0       0x70 ./Core/Src/main.o
                0x08004cd0                main
 .text.SystemClock_Config
                0x08004d40       0xc0 ./Core/Src/main.o
                0x08004d40                SystemClock_Config
 .text.MX_CRC_Init
                0x08004e00       0x44 ./Core/Src/main.o
 .text.MX_USART2_UART_Init
                0x08004e44       0x60 ./Core/Src/main.o
 .text.MX_USART3_UART_Init
                0x08004ea4       0x60 ./Core/Src/main.o
 .text.MX_GPIO_Init
                0x08004f04       0xcc ./Core/Src/main.o
 .text.printmsg
                0x08004fd0       0x4c ./Core/Src/main.o
                0x08004fd0                printmsg
 .text.bootloader_uart_read_data
                0x0800501c       0x94 ./Core/Src/main.o
                0x0800501c                bootloader_uart_read_data
 .text.bootloader_jump_to_user_app
                0x080050b0       0x44 ./Core/Src/main.o
                0x080050b0                bootloader_jump_to_user_app
 .text.Error_Handler
                0x080050f4        0xc ./Core/Src/main.o
                0x080050f4                Error_Handler
 .text.bootloader_handle_getver_cmd
                0x08005100       0x48 ./Core/Src/main.o
                0x08005100                bootloader_handle_getver_cmd
 .text.bootloader_handle_flash_erase_cmd
                0x08005148       0x60 ./Core/Src/main.o
                0x08005148                bootloader_handle_flash_erase_cmd
 .text.bootloader_handle_mem_write_cmd
                0x080051a8      0x154 ./Core/Src/main.o
                0x080051a8                bootloader_handle_mem_write_cmd
 .text.get_bootloader_version
                0x080052fc        0xe ./Core/Src/main.o
                0x080052fc                get_bootloader_version
 *fill*         0x0800530a        0x2 
 .text.bootloader_uart_response_data
                0x0800530c       0x28 ./Core/Src/main.o
                0x0800530c                bootloader_uart_response_data
 .text.decode__erase_command
                0x08005334       0x5c ./Core/Src/main.o
                0x08005334                decode__erase_command
 .text.bootloder_handle_mem_write_prepare
                0x08005390       0x8c ./Core/Src/main.o
                0x08005390                bootloder_handle_mem_write_prepare
 .text.init_ecc_system
                0x0800541c       0x24 ./Core/Src/secure_wrapper.o
                0x0800541c                init_ecc_system
 .text.Calculate_Firmware_Hash
                0x08005440       0x3c ./Core/Src/secure_wrapper.o
                0x08005440                Calculate_Firmware_Hash
 .text.Calculate_Signature
                0x0800547c       0x54 ./Core/Src/secure_wrapper.o
                0x0800547c                Calculate_Signature
 .text.HAL_MspInit
                0x080054d0       0x48 ./Core/Src/stm32f3xx_hal_msp.o
                0x080054d0                HAL_MspInit
 .text.HAL_CRC_MspInit
                0x08005518       0x3c ./Core/Src/stm32f3xx_hal_msp.o
                0x08005518                HAL_CRC_MspInit
 .text.HAL_UART_MspInit
                0x08005554       0xec ./Core/Src/stm32f3xx_hal_msp.o
                0x08005554                HAL_UART_MspInit
 .text.NMI_Handler
                0x08005640        0x8 ./Core/Src/stm32f3xx_it.o
                0x08005640                NMI_Handler
 .text.HardFault_Handler
                0x08005648        0x8 ./Core/Src/stm32f3xx_it.o
                0x08005648                HardFault_Handler
 .text.MemManage_Handler
                0x08005650        0x8 ./Core/Src/stm32f3xx_it.o
                0x08005650                MemManage_Handler
 .text.BusFault_Handler
                0x08005658        0x8 ./Core/Src/stm32f3xx_it.o
                0x08005658                BusFault_Handler
 .text.UsageFault_Handler
                0x08005660        0x8 ./Core/Src/stm32f3xx_it.o
                0x08005660                UsageFault_Handler
 .text.SVC_Handler
                0x08005668        0xc ./Core/Src/stm32f3xx_it.o
                0x08005668                SVC_Handler
 .text.DebugMon_Handler
                0x08005674        0xc ./Core/Src/stm32f3xx_it.o
                0x08005674                DebugMon_Handler
 .text.PendSV_Handler
                0x08005680        0xc ./Core/Src/stm32f3xx_it.o
                0x08005680                PendSV_Handler
 .text.SysTick_Handler
                0x0800568c        0xc ./Core/Src/stm32f3xx_it.o
                0x0800568c                SysTick_Handler
 .text._sbrk    0x08005698       0x6c ./Core/Src/sysmem.o
                0x08005698                _sbrk
 .text.SystemInit
                0x08005704        0xc ./Core/Src/system_stm32f3xx.o
                0x08005704                SystemInit
 .text.Reset_Handler
                0x08005710       0x50 ./Core/Startup/startup_stm32f303retx.o
                0x08005710                Reset_Handler
 .text.Default_Handler
                0x08005760        0x2 ./Core/Startup/startup_stm32f303retx.o
                0x08005760                RTC_Alarm_IRQHandler
                0x08005760                TIM8_TRG_COM_IRQHandler
                0x08005760                TIM8_CC_IRQHandler
                0x08005760                SPI4_IRQHandler
                0x08005760                TIM1_CC_IRQHandler
                0x08005760                USB_HP_IRQHandler
                0x08005760                PVD_IRQHandler
                0x08005760                TAMP_STAMP_IRQHandler
                0x08005760                EXTI3_IRQHandler
                0x08005760                I2C3_ER_IRQHandler
                0x08005760                USB_HP_CAN_TX_IRQHandler
                0x08005760                EXTI0_IRQHandler
                0x08005760                I2C2_EV_IRQHandler
                0x08005760                FPU_IRQHandler
                0x08005760                TIM1_UP_TIM16_IRQHandler
                0x08005760                ADC1_2_IRQHandler
                0x08005760                SPI1_IRQHandler
                0x08005760                CAN_SCE_IRQHandler
                0x08005760                TIM6_DAC_IRQHandler
                0x08005760                TIM8_UP_IRQHandler
                0x08005760                DMA2_Channel2_IRQHandler
                0x08005760                DMA1_Channel4_IRQHandler
                0x08005760                TIM20_TRG_COM_IRQHandler
                0x08005760                USART3_IRQHandler
                0x08005760                DMA1_Channel7_IRQHandler
                0x08005760                UART5_IRQHandler
                0x08005760                ADC3_IRQHandler
                0x08005760                TIM4_IRQHandler
                0x08005760                CAN_RX1_IRQHandler
                0x08005760                DMA2_Channel1_IRQHandler
                0x08005760                I2C1_EV_IRQHandler
                0x08005760                DMA1_Channel6_IRQHandler
                0x08005760                UART4_IRQHandler
                0x08005760                DMA2_Channel4_IRQHandler
                0x08005760                TIM3_IRQHandler
                0x08005760                RCC_IRQHandler
                0x08005760                TIM20_UP_IRQHandler
                0x08005760                DMA1_Channel1_IRQHandler
                0x08005760                Default_Handler
                0x08005760                USBWakeUp_RMP_IRQHandler
                0x08005760                EXTI15_10_IRQHandler
                0x08005760                TIM7_IRQHandler
                0x08005760                I2C3_EV_IRQHandler
                0x08005760                EXTI9_5_IRQHandler
                0x08005760                RTC_WKUP_IRQHandler
                0x08005760                SPI2_IRQHandler
                0x08005760                USB_LP_CAN_RX0_IRQHandler
                0x08005760                DMA2_Channel5_IRQHandler
                0x08005760                DMA1_Channel5_IRQHandler
                0x08005760                USB_LP_IRQHandler
                0x08005760                EXTI4_IRQHandler
                0x08005760                TIM1_TRG_COM_TIM17_IRQHandler
                0x08005760                DMA1_Channel3_IRQHandler
                0x08005760                ADC4_IRQHandler
                0x08005760                WWDG_IRQHandler
                0x08005760                TIM2_IRQHandler
                0x08005760                COMP7_IRQHandler
                0x08005760                COMP1_2_3_IRQHandler
                0x08005760                EXTI1_IRQHandler
                0x08005760                USART2_IRQHandler
                0x08005760                COMP4_5_6_IRQHandler
                0x08005760                TIM20_BRK_IRQHandler
                0x08005760                I2C2_ER_IRQHandler
                0x08005760                DMA1_Channel2_IRQHandler
                0x08005760                TIM8_BRK_IRQHandler
                0x08005760                FLASH_IRQHandler
                0x08005760                TIM20_CC_IRQHandler
                0x08005760                USART1_IRQHandler
                0x08005760                SPI3_IRQHandler
                0x08005760                I2C1_ER_IRQHandler
                0x08005760                FMC_IRQHandler
                0x08005760                USBWakeUp_IRQHandler
                0x08005760                DMA2_Channel3_IRQHandler
                0x08005760                EXTI2_TSC_IRQHandler
                0x08005760                TIM1_BRK_TIM15_IRQHandler
 *fill*         0x08005762        0x2 
 .text.HAL_Init
                0x08005764       0x2c ./Drivers/STM32F3xx_HAL_Driver/Src/stm32f3xx_hal.o
                0x08005764                HAL_Init
 .text.HAL_InitTick
                0x08005790       0x60 ./Drivers/STM32F3xx_HAL_Driver/Src/stm32f3xx_hal.o
                0x08005790                HAL_InitTick
 .text.HAL_IncTick
                0x080057f0       0x24 ./Drivers/STM32F3xx_HAL_Driver/Src/stm32f3xx_hal.o
                0x080057f0                HAL_IncTick
 .text.HAL_GetTick
                0x08005814       0x14 ./Drivers/STM32F3xx_HAL_Driver/Src/stm32f3xx_hal.o
                0x08005814                HAL_GetTick
 .text.__NVIC_SetPriorityGrouping
                0x08005828       0x48 ./Drivers/STM32F3xx_HAL_Driver/Src/stm32f3xx_hal_cortex.o
 .text.__NVIC_GetPriorityGrouping
                0x08005870       0x1c ./Drivers/STM32F3xx_HAL_Driver/Src/stm32f3xx_hal_cortex.o
 .text.__NVIC_SetPriority
                0x0800588c       0x54 ./Drivers/STM32F3xx_HAL_Driver/Src/stm32f3xx_hal_cortex.o
 .text.NVIC_EncodePriority
                0x080058e0       0x64 ./Drivers/STM32F3xx_HAL_Driver/Src/stm32f3xx_hal_cortex.o
 .text.SysTick_Config
                0x08005944       0x44 ./Drivers/STM32F3xx_HAL_Driver/Src/stm32f3xx_hal_cortex.o
 .text.HAL_NVIC_SetPriorityGrouping
                0x08005988       0x16 ./Drivers/STM32F3xx_HAL_Driver/Src/stm32f3xx_hal_cortex.o
                0x08005988                HAL_NVIC_SetPriorityGrouping
 .text.HAL_NVIC_SetPriority
                0x0800599e       0x38 ./Drivers/STM32F3xx_HAL_Driver/Src/stm32f3xx_hal_cortex.o
                0x0800599e                HAL_NVIC_SetPriority
 .text.HAL_SYSTICK_Config
                0x080059d6       0x18 ./Drivers/STM32F3xx_HAL_Driver/Src/stm32f3xx_hal_cortex.o
                0x080059d6                HAL_SYSTICK_Config
 *fill*         0x080059ee        0x2 
 .text.HAL_CRC_Init
                0x080059f0       0xc8 ./Drivers/STM32F3xx_HAL_Driver/Src/stm32f3xx_hal_crc.o
                0x080059f0                HAL_CRC_Init
 .text.HAL_CRCEx_Polynomial_Set
                0x08005ab8      0x11c ./Drivers/STM32F3xx_HAL_Driver/Src/stm32f3xx_hal_crc_ex.o
                0x08005ab8                HAL_CRCEx_Polynomial_Set
 .text.HAL_FLASH_Program
                0x08005bd4       0xe0 ./Drivers/STM32F3xx_HAL_Driver/Src/stm32f3xx_hal_flash.o
                0x08005bd4                HAL_FLASH_Program
 .text.HAL_FLASH_Unlock
                0x08005cb4       0x4c ./Drivers/STM32F3xx_HAL_Driver/Src/stm32f3xx_hal_flash.o
                0x08005cb4                HAL_FLASH_Unlock
 .text.HAL_FLASH_Lock
                0x08005d00       0x20 ./Drivers/STM32F3xx_HAL_Driver/Src/stm32f3xx_hal_flash.o
                0x08005d00                HAL_FLASH_Lock
 .text.FLASH_Program_HalfWord
                0x08005d20       0x38 ./Drivers/STM32F3xx_HAL_Driver/Src/stm32f3xx_hal_flash.o
 .text.FLASH_WaitForLastOperation
                0x08005d58       0x80 ./Drivers/STM32F3xx_HAL_Driver/Src/stm32f3xx_hal_flash.o
                0x08005d58                FLASH_WaitForLastOperation
 .text.FLASH_SetErrorCode
                0x08005dd8       0x64 ./Drivers/STM32F3xx_HAL_Driver/Src/stm32f3xx_hal_flash.o
 .text.HAL_FLASHEx_Erase
                0x08005e3c       0xd4 ./Drivers/STM32F3xx_HAL_Driver/Src/stm32f3xx_hal_flash_ex.o
                0x08005e3c                HAL_FLASHEx_Erase
 .text.FLASH_MassErase
                0x08005f10       0x34 ./Drivers/STM32F3xx_HAL_Driver/Src/stm32f3xx_hal_flash_ex.o
 .text.FLASH_PageErase
                0x08005f44       0x40 ./Drivers/STM32F3xx_HAL_Driver/Src/stm32f3xx_hal_flash_ex.o
                0x08005f44                FLASH_PageErase
 .text.HAL_GPIO_Init
                0x08005f84      0x314 ./Drivers/STM32F3xx_HAL_Driver/Src/stm32f3xx_hal_gpio.o
                0x08005f84                HAL_GPIO_Init
 .text.HAL_GPIO_ReadPin
                0x08006298       0x2e ./Drivers/STM32F3xx_HAL_Driver/Src/stm32f3xx_hal_gpio.o
                0x08006298                HAL_GPIO_ReadPin
 .text.HAL_GPIO_WritePin
                0x080062c6       0x2e ./Drivers/STM32F3xx_HAL_Driver/Src/stm32f3xx_hal_gpio.o
                0x080062c6                HAL_GPIO_WritePin
 .text.HAL_RCC_OscConfig
                0x080062f4     0x1048 ./Drivers/STM32F3xx_HAL_Driver/Src/stm32f3xx_hal_rcc.o
                0x080062f4                HAL_RCC_OscConfig
 .text.HAL_RCC_ClockConfig
                0x0800733c      0x2dc ./Drivers/STM32F3xx_HAL_Driver/Src/stm32f3xx_hal_rcc.o
                0x0800733c                HAL_RCC_ClockConfig
 .text.HAL_RCC_GetSysClockFreq
                0x08007618       0xa8 ./Drivers/STM32F3xx_HAL_Driver/Src/stm32f3xx_hal_rcc.o
                0x08007618                HAL_RCC_GetSysClockFreq
 .text.HAL_RCC_GetHCLKFreq
                0x080076c0       0x14 ./Drivers/STM32F3xx_HAL_Driver/Src/stm32f3xx_hal_rcc.o
                0x080076c0                HAL_RCC_GetHCLKFreq
 .text.HAL_RCC_GetPCLK1Freq
                0x080076d4       0x44 ./Drivers/STM32F3xx_HAL_Driver/Src/stm32f3xx_hal_rcc.o
                0x080076d4                HAL_RCC_GetPCLK1Freq
 .text.HAL_RCC_GetPCLK2Freq
                0x08007718       0x44 ./Drivers/STM32F3xx_HAL_Driver/Src/stm32f3xx_hal_rcc.o
                0x08007718                HAL_RCC_GetPCLK2Freq
 .text.HAL_RCCEx_PeriphCLKConfig
                0x0800775c      0x438 ./Drivers/STM32F3xx_HAL_Driver/Src/stm32f3xx_hal_rcc_ex.o
                0x0800775c                HAL_RCCEx_PeriphCLKConfig
 .text.HAL_UART_Init
                0x08007b94       0x9c ./Drivers/STM32F3xx_HAL_Driver/Src/stm32f3xx_hal_uart.o
                0x08007b94                HAL_UART_Init
 .text.HAL_UART_Transmit
                0x08007c30      0x112 ./Drivers/STM32F3xx_HAL_Driver/Src/stm32f3xx_hal_uart.o
                0x08007c30                HAL_UART_Transmit
 .text.HAL_UART_Receive
                0x08007d42      0x192 ./Drivers/STM32F3xx_HAL_Driver/Src/stm32f3xx_hal_uart.o
                0x08007d42                HAL_UART_Receive
 .text.UART_SetConfig
                0x08007ed4      0x3a8 ./Drivers/STM32F3xx_HAL_Driver/Src/stm32f3xx_hal_uart.o
                0x08007ed4                UART_SetConfig
 .text.UART_AdvFeatureConfig
                0x0800827c      0x142 ./Drivers/STM32F3xx_HAL_Driver/Src/stm32f3xx_hal_uart.o
                0x0800827c                UART_AdvFeatureConfig
 .text.UART_CheckIdleState
                0x080083be      0x150 ./Drivers/STM32F3xx_HAL_Driver/Src/stm32f3xx_hal_uart.o
                0x080083be                UART_CheckIdleState
 .text.UART_WaitOnFlagUntilTimeout
                0x0800850e       0xda ./Drivers/STM32F3xx_HAL_Driver/Src/stm32f3xx_hal_uart.o
                0x0800850e                UART_WaitOnFlagUntilTimeout
 .text.UART_EndRxTransfer
                0x080085e8       0xc6 ./Drivers/STM32F3xx_HAL_Driver/Src/stm32f3xx_hal_uart.o
 *fill*         0x080086ae        0x2 
 .text._vsprintf_r
                0x080086b0       0x2c C:/ST/STM32CubeIDE_1.18.1/STM32CubeIDE/plugins/com.st.stm32cube.ide.mcu.externaltools.gnu-tools-for-stm32.13.3.rel1.win32_1.0.0.202411081344/tools/bin/../lib/gcc/arm-none-eabi/13.3.1/../../../../arm-none-eabi/lib/thumb/v7e-m/nofp\libc_nano.a(libc_a-vsprintf.o)
                0x080086b0                _vsprintf_r
                0x080086b0                _vsiprintf_r
 .text.vsprintf
                0x080086dc       0x14 C:/ST/STM32CubeIDE_1.18.1/STM32CubeIDE/plugins/com.st.stm32cube.ide.mcu.externaltools.gnu-tools-for-stm32.13.3.rel1.win32_1.0.0.202411081344/tools/bin/../lib/gcc/arm-none-eabi/13.3.1/../../../../arm-none-eabi/lib/thumb/v7e-m/nofp\libc_nano.a(libc_a-vsprintf.o)
                0x080086dc                vsiprintf
                0x080086dc                vsprintf
 .text.memset   0x080086f0       0x10 C:/ST/STM32CubeIDE_1.18.1/STM32CubeIDE/plugins/com.st.stm32cube.ide.mcu.externaltools.gnu-tools-for-stm32.13.3.rel1.win32_1.0.0.202411081344/tools/bin/../lib/gcc/arm-none-eabi/13.3.1/../../../../arm-none-eabi/lib/thumb/v7e-m/nofp\libc_nano.a(libc_a-memset.o)
                0x080086f0                memset
 .text.__errno  0x08008700        0xc C:/ST/STM32CubeIDE_1.18.1/STM32CubeIDE/plugins/com.st.stm32cube.ide.mcu.externaltools.gnu-tools-for-stm32.13.3.rel1.win32_1.0.0.202411081344/tools/bin/../lib/gcc/arm-none-eabi/13.3.1/../../../../arm-none-eabi/lib/thumb/v7e-m/nofp\libc_nano.a(libc_a-errno.o)
                0x08008700                __errno
 .text.__libc_init_array
                0x0800870c       0x48 C:/ST/STM32CubeIDE_1.18.1/STM32CubeIDE/plugins/com.st.stm32cube.ide.mcu.externaltools.gnu-tools-for-stm32.13.3.rel1.win32_1.0.0.202411081344/tools/bin/../lib/gcc/arm-none-eabi/13.3.1/../../../../arm-none-eabi/lib/thumb/v7e-m/nofp\libc_nano.a(libc_a-init.o)
                0x0800870c                __libc_init_array
 .text.__retarget_lock_acquire_recursive
                0x08008754        0x2 C:/ST/STM32CubeIDE_1.18.1/STM32CubeIDE/plugins/com.st.stm32cube.ide.mcu.externaltools.gnu-tools-for-stm32.13.3.rel1.win32_1.0.0.202411081344/tools/bin/../lib/gcc/arm-none-eabi/13.3.1/../../../../arm-none-eabi/lib/thumb/v7e-m/nofp\libc_nano.a(libc_a-lock.o)
                0x08008754                __retarget_lock_acquire_recursive
 .text.__retarget_lock_release_recursive
                0x08008756        0x2 C:/ST/STM32CubeIDE_1.18.1/STM32CubeIDE/plugins/com.st.stm32cube.ide.mcu.externaltools.gnu-tools-for-stm32.13.3.rel1.win32_1.0.0.202411081344/tools/bin/../lib/gcc/arm-none-eabi/13.3.1/../../../../arm-none-eabi/lib/thumb/v7e-m/nofp\libc_nano.a(libc_a-lock.o)
                0x08008756                __retarget_lock_release_recursive
 .text.__aeabi_memcpy
                0x08008758        0x4 C:/ST/STM32CubeIDE_1.18.1/STM32CubeIDE/plugins/com.st.stm32cube.ide.mcu.externaltools.gnu-tools-for-stm32.13.3.rel1.win32_1.0.0.202411081344/tools/bin/../lib/gcc/arm-none-eabi/13.3.1/../../../../arm-none-eabi/lib/thumb/v7e-m/nofp\libc_nano.a(libc_a-aeabi_memcpy.o)
                0x08008758                __aeabi_memcpy4
                0x08008758                __aeabi_memcpy8
                0x08008758                __aeabi_memcpy
 .text.__aeabi_memclr
                0x0800875c        0x6 C:/ST/STM32CubeIDE_1.18.1/STM32CubeIDE/plugins/com.st.stm32cube.ide.mcu.externaltools.gnu-tools-for-stm32.13.3.rel1.win32_1.0.0.202411081344/tools/bin/../lib/gcc/arm-none-eabi/13.3.1/../../../../arm-none-eabi/lib/thumb/v7e-m/nofp\libc_nano.a(libc_a-aeabi_memclr.o)
                0x0800875c                __aeabi_memclr
                0x0800875c                __aeabi_memclr4
                0x0800875c                __aeabi_memclr8
 .text.memcpy   0x08008762       0x1c C:/ST/STM32CubeIDE_1.18.1/STM32CubeIDE/plugins/com.st.stm32cube.ide.mcu.externaltools.gnu-tools-for-stm32.13.3.rel1.win32_1.0.0.202411081344/tools/bin/../lib/gcc/arm-none-eabi/13.3.1/../../../../arm-none-eabi/lib/thumb/v7e-m/nofp\libc_nano.a(libc_a-memcpy-stub.o)
                0x08008762                memcpy
 *fill*         0x0800877e        0x2 
 .text._free_r  0x08008780       0x94 C:/ST/STM32CubeIDE_1.18.1/STM32CubeIDE/plugins/com.st.stm32cube.ide.mcu.externaltools.gnu-tools-for-stm32.13.3.rel1.win32_1.0.0.202411081344/tools/bin/../lib/gcc/arm-none-eabi/13.3.1/../../../../arm-none-eabi/lib/thumb/v7e-m/nofp\libc_nano.a(libc_a-freer.o)
                0x08008780                _free_r
 .text.sbrk_aligned
                0x08008814       0x44 C:/ST/STM32CubeIDE_1.18.1/STM32CubeIDE/plugins/com.st.stm32cube.ide.mcu.externaltools.gnu-tools-for-stm32.13.3.rel1.win32_1.0.0.202411081344/tools/bin/../lib/gcc/arm-none-eabi/13.3.1/../../../../arm-none-eabi/lib/thumb/v7e-m/nofp\libc_nano.a(libc_a-mallocr.o)
 .text._malloc_r
                0x08008858      0x100 C:/ST/STM32CubeIDE_1.18.1/STM32CubeIDE/plugins/com.st.stm32cube.ide.mcu.externaltools.gnu-tools-for-stm32.13.3.rel1.win32_1.0.0.202411081344/tools/bin/../lib/gcc/arm-none-eabi/13.3.1/../../../../arm-none-eabi/lib/thumb/v7e-m/nofp\libc_nano.a(libc_a-mallocr.o)
                0x08008858                _malloc_r
 .text.__malloc_lock
                0x08008958        0xc C:/ST/STM32CubeIDE_1.18.1/STM32CubeIDE/plugins/com.st.stm32cube.ide.mcu.externaltools.gnu-tools-for-stm32.13.3.rel1.win32_1.0.0.202411081344/tools/bin/../lib/gcc/arm-none-eabi/13.3.1/../../../../arm-none-eabi/lib/thumb/v7e-m/nofp\libc_nano.a(libc_a-mlock.o)
                0x08008958                __malloc_lock
 .text.__malloc_unlock
                0x08008964        0xc C:/ST/STM32CubeIDE_1.18.1/STM32CubeIDE/plugins/com.st.stm32cube.ide.mcu.externaltools.gnu-tools-for-stm32.13.3.rel1.win32_1.0.0.202411081344/tools/bin/../lib/gcc/arm-none-eabi/13.3.1/../../../../arm-none-eabi/lib/thumb/v7e-m/nofp\libc_nano.a(libc_a-mlock.o)
                0x08008964                __malloc_unlock
 .text.__ssputs_r
                0x08008970       0xb6 C:/ST/STM32CubeIDE_1.18.1/STM32CubeIDE/plugins/com.st.stm32cube.ide.mcu.externaltools.gnu-tools-for-stm32.13.3.rel1.win32_1.0.0.202411081344/tools/bin/../lib/gcc/arm-none-eabi/13.3.1/../../../../arm-none-eabi/lib/thumb/v7e-m/nofp\libc_nano.a(libc_a-nano-svfprintf.o)
                0x08008970                __ssputs_r
 *fill*         0x08008a26        0x2 
 .text._svfprintf_r
                0x08008a28      0x1f8 C:/ST/STM32CubeIDE_1.18.1/STM32CubeIDE/plugins/com.st.stm32cube.ide.mcu.externaltools.gnu-tools-for-stm32.13.3.rel1.win32_1.0.0.202411081344/tools/bin/../lib/gcc/arm-none-eabi/13.3.1/../../../../arm-none-eabi/lib/thumb/v7e-m/nofp\libc_nano.a(libc_a-nano-svfprintf.o)
                0x08008a28                _svfiprintf_r
                0x08008a28                _svfprintf_r
 .text._printf_common
                0x08008c20       0xda C:/ST/STM32CubeIDE_1.18.1/STM32CubeIDE/plugins/com.st.stm32cube.ide.mcu.externaltools.gnu-tools-for-stm32.13.3.rel1.win32_1.0.0.202411081344/tools/bin/../lib/gcc/arm-none-eabi/13.3.1/../../../../arm-none-eabi/lib/thumb/v7e-m/nofp\libc_nano.a(libc_a-nano-vfprintf_i.o)
                0x08008c20                _printf_common
 *fill*         0x08008cfa        0x2 
 .text._printf_i
                0x08008cfc      0x23c C:/ST/STM32CubeIDE_1.18.1/STM32CubeIDE/plugins/com.st.stm32cube.ide.mcu.externaltools.gnu-tools-for-stm32.13.3.rel1.win32_1.0.0.202411081344/tools/bin/../lib/gcc/arm-none-eabi/13.3.1/../../../../arm-none-eabi/lib/thumb/v7e-m/nofp\libc_nano.a(libc_a-nano-vfprintf_i.o)
                0x08008cfc                _printf_i
 .text.memmove  0x08008f38       0x34 C:/ST/STM32CubeIDE_1.18.1/STM32CubeIDE/plugins/com.st.stm32cube.ide.mcu.externaltools.gnu-tools-for-stm32.13.3.rel1.win32_1.0.0.202411081344/tools/bin/../lib/gcc/arm-none-eabi/13.3.1/../../../../arm-none-eabi/lib/thumb/v7e-m/nofp\libc_nano.a(libc_a-memmove.o)
                0x08008f38                memmove
 .text._sbrk_r  0x08008f6c       0x20 C:/ST/STM32CubeIDE_1.18.1/STM32CubeIDE/plugins/com.st.stm32cube.ide.mcu.externaltools.gnu-tools-for-stm32.13.3.rel1.win32_1.0.0.202411081344/tools/bin/../lib/gcc/arm-none-eabi/13.3.1/../../../../arm-none-eabi/lib/thumb/v7e-m/nofp\libc_nano.a(libc_a-sbrkr.o)
                0x08008f6c                _sbrk_r
 .text.__aeabi_memset
                0x08008f8c        0xa C:/ST/STM32CubeIDE_1.18.1/STM32CubeIDE/plugins/com.st.stm32cube.ide.mcu.externaltools.gnu-tools-for-stm32.13.3.rel1.win32_1.0.0.202411081344/tools/bin/../lib/gcc/arm-none-eabi/13.3.1/../../../../arm-none-eabi/lib/thumb/v7e-m/nofp\libc_nano.a(libc_a-aeabi_memset.o)
                0x08008f8c                __aeabi_memset8
                0x08008f8c                __aeabi_memset4
                0x08008f8c                __aeabi_memset
 .text._realloc_r
                0x08008f96       0x5c C:/ST/STM32CubeIDE_1.18.1/STM32CubeIDE/plugins/com.st.stm32cube.ide.mcu.externaltools.gnu-tools-for-stm32.13.3.rel1.win32_1.0.0.202411081344/tools/bin/../lib/gcc/arm-none-eabi/13.3.1/../../../../arm-none-eabi/lib/thumb/v7e-m/nofp\libc_nano.a(libc_a-reallocr.o)
                0x08008f96                _realloc_r
 .text._malloc_usable_size_r
                0x08008ff2       0x10 C:/ST/STM32CubeIDE_1.18.1/STM32CubeIDE/plugins/com.st.stm32cube.ide.mcu.externaltools.gnu-tools-for-stm32.13.3.rel1.win32_1.0.0.202411081344/tools/bin/../lib/gcc/arm-none-eabi/13.3.1/../../../../arm-none-eabi/lib/thumb/v7e-m/nofp\libc_nano.a(libc_a-msizer.o)
                0x08008ff2                _malloc_usable_size_r
 *(.glue_7)
 .glue_7        0x08009002        0x0 linker stubs
 *(.glue_7t)
 .glue_7t       0x08009002        0x0 linker stubs
 *(.eh_frame)
 *fill*         0x08009002        0x2 
 .eh_frame      0x08009004        0x0 C:/ST/STM32CubeIDE_1.18.1/STM32CubeIDE/plugins/com.st.stm32cube.ide.mcu.externaltools.gnu-tools-for-stm32.13.3.rel1.win32_1.0.0.202411081344/tools/bin/../lib/gcc/arm-none-eabi/13.3.1/thumb/v7e-m/nofp/crtbegin.o
 *(.init)
 .init          0x08009004        0x4 C:/ST/STM32CubeIDE_1.18.1/STM32CubeIDE/plugins/com.st.stm32cube.ide.mcu.externaltools.gnu-tools-for-stm32.13.3.rel1.win32_1.0.0.202411081344/tools/bin/../lib/gcc/arm-none-eabi/13.3.1/thumb/v7e-m/nofp/crti.o
                0x08009004                _init
 .init          0x08009008        0x8 C:/ST/STM32CubeIDE_1.18.1/STM32CubeIDE/plugins/com.st.stm32cube.ide.mcu.externaltools.gnu-tools-for-stm32.13.3.rel1.win32_1.0.0.202411081344/tools/bin/../lib/gcc/arm-none-eabi/13.3.1/thumb/v7e-m/nofp/crtn.o
 *(.fini)
 .fini          0x08009010        0x4 C:/ST/STM32CubeIDE_1.18.1/STM32CubeIDE/plugins/com.st.stm32cube.ide.mcu.externaltools.gnu-tools-for-stm32.13.3.rel1.win32_1.0.0.202411081344/tools/bin/../lib/gcc/arm-none-eabi/13.3.1/thumb/v7e-m/nofp/crti.o
                0x08009010                _fini
 .fini          0x08009014        0x8 C:/ST/STM32CubeIDE_1.18.1/STM32CubeIDE/plugins/com.st.stm32cube.ide.mcu.externaltools.gnu-tools-for-stm32.13.3.rel1.win32_1.0.0.202411081344/tools/bin/../lib/gcc/arm-none-eabi/13.3.1/thumb/v7e-m/nofp/crtn.o
                0x0800901c                        . = ALIGN (0x4)
                0x0800901c                        _etext = .

.vfp11_veneer   0x0800901c        0x0
 .vfp11_veneer  0x0800901c        0x0 linker stubs

.v4_bx          0x0800901c        0x0
 .v4_bx         0x0800901c        0x0 linker stubs

.iplt           0x0800901c        0x0
 .iplt          0x0800901c        0x0 C:/ST/STM32CubeIDE_1.18.1/STM32CubeIDE/plugins/com.st.stm32cube.ide.mcu.externaltools.gnu-tools-for-stm32.13.3.rel1.win32_1.0.0.202411081344/tools/bin/../lib/gcc/arm-none-eabi/13.3.1/thumb/v7e-m/nofp/crtbegin.o

.rodata         0x0800901c      0x664
                0x0800901c                        . = ALIGN (0x4)
 *(.rodata)
 .rodata        0x0800901c      0x11a ./Core/Src/main.o
 *fill*         0x08009136        0x2 
 .rodata        0x08009138       0x24 D:\Embedded Systems\Bootloader_Developement\Booloader\STM32_Cryptographic\lib\libSTM32Cryptographic_CM4.a(cmox_ecc_curve_p256.c.o)
 .rodata        0x0800915c       0x24 D:\Embedded Systems\Bootloader_Developement\Booloader\STM32_Cryptographic\lib\libSTM32Cryptographic_CM4.a(cmox_ecc_curve_p256.c.o)
 .rodata        0x08009180       0x24 D:\Embedded Systems\Bootloader_Developement\Booloader\STM32_Cryptographic\lib\libSTM32Cryptographic_CM4.a(cmox_ecc_curve_p256.c.o)
 .rodata        0x080091a4       0x24 D:\Embedded Systems\Bootloader_Developement\Booloader\STM32_Cryptographic\lib\libSTM32Cryptographic_CM4.a(cmox_ecc_curve_p256.c.o)
 .rodata        0x080091c8       0x24 D:\Embedded Systems\Bootloader_Developement\Booloader\STM32_Cryptographic\lib\libSTM32Cryptographic_CM4.a(cmox_ecc_curve_p256.c.o)
 .rodata        0x080091ec       0x24 D:\Embedded Systems\Bootloader_Developement\Booloader\STM32_Cryptographic\lib\libSTM32Cryptographic_CM4.a(cmox_ecc_curve_p256.c.o)
 .rodata        0x08009210      0x224 D:\Embedded Systems\Bootloader_Developement\Booloader\STM32_Cryptographic\lib\libSTM32Cryptographic_CM4.a(cmox_ecc_curve_p256.c.o)
 .rodata        0x08009434       0x20 D:\Embedded Systems\Bootloader_Developement\Booloader\STM32_Cryptographic\lib\libSTM32Cryptographic_CM4.a(cmox_ecc_curve_p256.c.o)
 .rodata        0x08009454       0x2c D:\Embedded Systems\Bootloader_Developement\Booloader\STM32_Cryptographic\lib\libSTM32Cryptographic_CM4.a(cmox_ecc_curve_p256.c.o)
 .rodata        0x08009480        0x4 D:\Embedded Systems\Bootloader_Developement\Booloader\STM32_Cryptographic\lib\libSTM32Cryptographic_CM4.a(cmox_ecc_curve_p256.c.o)
                0x08009480                CMOX_ECC_SECP256R1_HIGHMEM
 .rodata        0x08009484       0x20 D:\Embedded Systems\Bootloader_Developement\Booloader\STM32_Cryptographic\lib\libSTM32Cryptographic_CM4.a(cmox_ecc_point_funcs.c.o)
                0x08009484                Point_Funcs_SW_a3
 .rodata        0x080094a4        0x8 D:\Embedded Systems\Bootloader_Developement\Booloader\STM32_Cryptographic\lib\libSTM32Cryptographic_CM4.a(cmox_init.c.o)
                0x080094a4                cmox_table
 .rodata        0x080094ac       0x20 D:\Embedded Systems\Bootloader_Developement\Booloader\STM32_Cryptographic\lib\libSTM32Cryptographic_CM4.a(cmox_math_armv7em_llf.c.o)
 .rodata        0x080094cc        0x4 D:\Embedded Systems\Bootloader_Developement\Booloader\STM32_Cryptographic\lib\libSTM32Cryptographic_CM4.a(cmox_math_armv7em_llf.c.o)
                0x080094cc                CMOX_MATH_FUNCS_FAST
 .rodata        0x080094d0        0xc D:\Embedded Systems\Bootloader_Developement\Booloader\STM32_Cryptographic\lib\libSTM32Cryptographic_CM4.a(cmox_modexp.c.o)
                0x080094d0                cmox_modexp_fn_public_highmem
 .rodata        0x080094dc        0x4 D:\Embedded Systems\Bootloader_Developement\Booloader\STM32_Cryptographic\lib\libSTM32Cryptographic_CM4.a(cmox_scalarmul.c.o)
                0x080094dc                cmox_scalarmul_fixbase_sc
 .rodata        0x080094e0        0x4 D:\Embedded Systems\Bootloader_Developement\Booloader\STM32_Cryptographic\lib\libSTM32Cryptographic_CM4.a(cmox_scalarmul.c.o)
                0x080094e0                cmox_scalarmul_dblbase_wmof
 .rodata        0x080094e4        0x8 D:\Embedded Systems\Bootloader_Developement\Booloader\STM32_Cryptographic\lib\libSTM32Cryptographic_CM4.a(cmox_scalarmul.c.o)
                0x080094e4                cmox_scalarmul_varbase_highmem
 .rodata        0x080094ec        0x4 D:\Embedded Systems\Bootloader_Developement\Booloader\STM32_Cryptographic\lib\libSTM32Cryptographic_CM4.a(cmox_sha256.c.o)
 .rodata        0x080094f0        0x4 D:\Embedded Systems\Bootloader_Developement\Booloader\STM32_Cryptographic\lib\libSTM32Cryptographic_CM4.a(cmox_sha256.c.o)
                0x080094f0                CMOX_SHA256_ALGO
 .rodata        0x080094f4      0x100 D:\Embedded Systems\Bootloader_Developement\Booloader\STM32_Cryptographic\lib\libSTM32Cryptographic_CM4.a(cmox_sha256_common.c.o)
 .rodata        0x080095f4       0x10 D:\Embedded Systems\Bootloader_Developement\Booloader\STM32_Cryptographic\lib\libSTM32Cryptographic_CM4.a(cmox_sha256_common.c.o)
                0x080095f4                CMOX_MD_SHA256_VTABLE_ST
 .rodata        0x08009604        0xc D:\Embedded Systems\Bootloader_Developement\Booloader\STM32_Cryptographic\lib\libSTM32Cryptographic_CM4.a(cmox_utils_compare.c.o)
 .rodata        0x08009610        0x4 D:\Embedded Systems\Bootloader_Developement\Booloader\STM32_Cryptographic\lib\libSTM32Cryptographic_CM4.a(cmox_utils_compare.c.o)
                0x08009610                cmox_utils_robustCmp_bt_bw_be_r
 *(.rodata*)
 .rodata.AHBPrescTable
                0x08009614       0x10 ./Core/Src/system_stm32f3xx.o
                0x08009614                AHBPrescTable
 .rodata.APBPrescTable
                0x08009624        0x8 ./Core/Src/system_stm32f3xx.o
                0x08009624                APBPrescTable
 .rodata.aPLLMULFactorTable
                0x0800962c       0x10 ./Drivers/STM32F3xx_HAL_Driver/Src/stm32f3xx_hal_rcc.o
 .rodata.aPredivFactorTable
                0x0800963c       0x10 ./Drivers/STM32F3xx_HAL_Driver/Src/stm32f3xx_hal_rcc.o
 .rodata._svfprintf_r.str1.1
                0x0800964c       0x33 C:/ST/STM32CubeIDE_1.18.1/STM32CubeIDE/plugins/com.st.stm32cube.ide.mcu.externaltools.gnu-tools-for-stm32.13.3.rel1.win32_1.0.0.202411081344/tools/bin/../lib/gcc/arm-none-eabi/13.3.1/../../../../arm-none-eabi/lib/thumb/v7e-m/nofp\libc_nano.a(libc_a-nano-svfprintf.o)
                                 0x11 (size before relaxing)
 .rodata._printf_i.str1.1
                0x0800967f       0x22 C:/ST/STM32CubeIDE_1.18.1/STM32CubeIDE/plugins/com.st.stm32cube.ide.mcu.externaltools.gnu-tools-for-stm32.13.3.rel1.win32_1.0.0.202411081344/tools/bin/../lib/gcc/arm-none-eabi/13.3.1/../../../../arm-none-eabi/lib/thumb/v7e-m/nofp\libc_nano.a(libc_a-nano-vfprintf_i.o)
                0x080096a4                        . = ALIGN (0x4)
 *fill*         0x0800967f        0x1 

CMOX_CTA_PROTECTED_DATA
                0x08009680      0x264
 CMOX_CTA_PROTECTED_DATA
                0x08009680      0x264 D:\Embedded Systems\Bootloader_Developement\Booloader\STM32_Cryptographic\lib\libSTM32Cryptographic_CM4.a(cmox_ecc_curve_p256.c.o)

.ARM.extab      0x080098e4        0x0
                0x080098e4                        . = ALIGN (0x4)
 *(.ARM.extab* .gnu.linkonce.armextab.*)
                0x080098e4                        . = ALIGN (0x4)

.ARM            0x080098e4        0x8
                0x080098e4                        . = ALIGN (0x4)
                0x080098e4                        __exidx_start = .
 *(.ARM.exidx*)
 .ARM.exidx     0x080098e4        0x8 C:/ST/STM32CubeIDE_1.18.1/STM32CubeIDE/plugins/com.st.stm32cube.ide.mcu.externaltools.gnu-tools-for-stm32.13.3.rel1.win32_1.0.0.202411081344/tools/bin/../lib/gcc/arm-none-eabi/13.3.1/../../../../arm-none-eabi/lib/thumb/v7e-m/nofp\libc_nano.a(libc_a-strlen.o)
 .ARM.exidx     0x080098ec        0x0 C:/ST/STM32CubeIDE_1.18.1/STM32CubeIDE/plugins/com.st.stm32cube.ide.mcu.externaltools.gnu-tools-for-stm32.13.3.rel1.win32_1.0.0.202411081344/tools/bin/../lib/gcc/arm-none-eabi/13.3.1/../../../../arm-none-eabi/lib/thumb/v7e-m/nofp\libc_nano.a(libc_a-memchr.o)
                                  0x8 (size before relaxing)
                0x080098ec                        __exidx_end = .
                0x080098ec                        . = ALIGN (0x4)

.preinit_array  0x080098ec        0x0
                0x080098ec                        . = ALIGN (0x4)
                0x080098ec                        PROVIDE (__preinit_array_start = .)
 *(.preinit_array*)
                0x080098ec                        PROVIDE (__preinit_array_end = .)
                0x080098ec                        . = ALIGN (0x4)

.init_array     0x080098ec        0x4
                0x080098ec                        . = ALIGN (0x4)
                0x080098ec                        PROVIDE (__init_array_start = .)
 *(SORT_BY_NAME(.init_array.*))
 *(.init_array*)
 .init_array    0x080098ec        0x4 C:/ST/STM32CubeIDE_1.18.1/STM32CubeIDE/plugins/com.st.stm32cube.ide.mcu.externaltools.gnu-tools-for-stm32.13.3.rel1.win32_1.0.0.202411081344/tools/bin/../lib/gcc/arm-none-eabi/13.3.1/thumb/v7e-m/nofp/crtbegin.o
                0x080098f0                        PROVIDE (__init_array_end = .)
                0x080098f0                        . = ALIGN (0x4)

.fini_array     0x080098f0        0x4
                0x080098f0                        . = ALIGN (0x4)
                [!provide]                        PROVIDE (__fini_array_start = .)
 *(SORT_BY_NAME(.fini_array.*))
 *(.fini_array*)
 .fini_array    0x080098f0        0x4 C:/ST/STM32CubeIDE_1.18.1/STM32CubeIDE/plugins/com.st.stm32cube.ide.mcu.externaltools.gnu-tools-for-stm32.13.3.rel1.win32_1.0.0.202411081344/tools/bin/../lib/gcc/arm-none-eabi/13.3.1/thumb/v7e-m/nofp/crtbegin.o
                [!provide]                        PROVIDE (__fini_array_end = .)
                0x080098f4                        . = ALIGN (0x4)
                0x080098f4                        _sidata = LOADADDR (.data)

.rel.dyn        0x080098f4        0x0
 .rel.iplt      0x080098f4        0x0 C:/ST/STM32CubeIDE_1.18.1/STM32CubeIDE/plugins/com.st.stm32cube.ide.mcu.externaltools.gnu-tools-for-stm32.13.3.rel1.win32_1.0.0.202411081344/tools/bin/../lib/gcc/arm-none-eabi/13.3.1/thumb/v7e-m/nofp/crtbegin.o

.data           0x20000000       0x9c load address 0x080098f4
                0x20000000                        . = ALIGN (0x4)
                0x20000000                        _sdata = .
 *(.data)
 *(.data*)
 .data.publicKey
                0x20000000       0x40 ./Core/Src/secure_wrapper.o
                0x20000000                publicKey
 .data.SystemCoreClock
                0x20000040        0x4 ./Core/Src/system_stm32f3xx.o
                0x20000040                SystemCoreClock
 .data.uwTickPrio
                0x20000044        0x4 ./Drivers/STM32F3xx_HAL_Driver/Src/stm32f3xx_hal.o
                0x20000044                uwTickPrio
 .data.uwTickFreq
                0x20000048        0x1 ./Drivers/STM32F3xx_HAL_Driver/Src/stm32f3xx_hal.o
                0x20000048                uwTickFreq
 *fill*         0x20000049        0x3 
 .data._impure_ptr
                0x2000004c        0x4 C:/ST/STM32CubeIDE_1.18.1/STM32CubeIDE/plugins/com.st.stm32cube.ide.mcu.externaltools.gnu-tools-for-stm32.13.3.rel1.win32_1.0.0.202411081344/tools/bin/../lib/gcc/arm-none-eabi/13.3.1/../../../../arm-none-eabi/lib/thumb/v7e-m/nofp\libc_nano.a(libc_a-impure.o)
                0x2000004c                _impure_ptr
 .data._impure_data
                0x20000050       0x4c C:/ST/STM32CubeIDE_1.18.1/STM32CubeIDE/plugins/com.st.stm32cube.ide.mcu.externaltools.gnu-tools-for-stm32.13.3.rel1.win32_1.0.0.202411081344/tools/bin/../lib/gcc/arm-none-eabi/13.3.1/../../../../arm-none-eabi/lib/thumb/v7e-m/nofp\libc_nano.a(libc_a-impure.o)
                0x20000050                _impure_data
 *(.RamFunc)
 *(.RamFunc*)
                0x2000009c                        . = ALIGN (0x4)
                0x2000009c                        _edata = .
                0x08009990                        _siccmram = LOADADDR (.ccmram)

.igot.plt       0x2000009c        0x0 load address 0x08009990
 .igot.plt      0x2000009c        0x0 C:/ST/STM32CubeIDE_1.18.1/STM32CubeIDE/plugins/com.st.stm32cube.ide.mcu.externaltools.gnu-tools-for-stm32.13.3.rel1.win32_1.0.0.202411081344/tools/bin/../lib/gcc/arm-none-eabi/13.3.1/thumb/v7e-m/nofp/crtbegin.o

.ccmram         0x10000000        0x0 load address 0x08009990
                0x10000000                        . = ALIGN (0x4)
                0x10000000                        _sccmram = .
 *(.ccmram)
 *(.ccmram*)
                0x10000000                        . = ALIGN (0x4)
                0x10000000                        _eccmram = .
                0x10000000                        . = ALIGN (0x4)

.bss            0x200000a0      0xb18
                0x200000a0                        _sbss = .
                0x200000a0                        __bss_start__ = _sbss
 *(.bss)
 .bss           0x200000a0       0x1c C:/ST/STM32CubeIDE_1.18.1/STM32CubeIDE/plugins/com.st.stm32cube.ide.mcu.externaltools.gnu-tools-for-stm32.13.3.rel1.win32_1.0.0.202411081344/tools/bin/../lib/gcc/arm-none-eabi/13.3.1/thumb/v7e-m/nofp/crtbegin.o
 .bss           0x200000bc        0x1 D:\Embedded Systems\Bootloader_Developement\Booloader\STM32_Cryptographic\lib\libSTM32Cryptographic_CM4.a(cmox_init.c.o)
                0x200000bc                cmox_init_ctxi
 *(.bss*)
 *fill*         0x200000bd        0x3 
 .bss.hcrc      0x200000c0       0x24 ./Core/Src/main.o
                0x200000c0                hcrc
 .bss.huart2    0x200000e4       0x88 ./Core/Src/main.o
                0x200000e4                huart2
 .bss.huart3    0x2000016c       0x88 ./Core/Src/main.o
                0x2000016c                huart3
 .bss.bl_rx_buffer
                0x200001f4        0xa ./Core/Src/main.o
                0x200001f4                bl_rx_buffer
 *fill*         0x200001fe        0x2 
 .bss.FlashingStart
                0x20000200        0x4 ./Core/Src/main.o
                0x20000200                FlashingStart
 .bss.FlashingLength
                0x20000204        0x2 ./Core/Src/main.o
                0x20000204                FlashingLength
 .bss.curr_Falshed_length
                0x20000206        0x2 ./Core/Src/main.o
                0x20000206                curr_Falshed_length
 .bss.total_no_of_frames
                0x20000208        0x2 ./Core/Src/main.o
                0x20000208                total_no_of_frames
 *fill*         0x2000020a        0x2 
 .bss.currentAddress
                0x2000020c        0x4 ./Core/Src/main.o
                0x2000020c                currentAddress
 .bss.outputDigest
                0x20000210       0x20 ./Core/Src/main.o
                0x20000210                outputDigest
 .bss.EccCtx    0x20000230       0x18 ./Core/Src/secure_wrapper.o
                0x20000230                EccCtx
 .bss.WorkingArea
                0x20000248      0x800 ./Core/Src/secure_wrapper.o
                0x20000248                WorkingArea
 .bss.__sbrk_heap_end
                0x20000a48        0x4 ./Core/Src/sysmem.o
 .bss.uwTick    0x20000a4c        0x4 ./Drivers/STM32F3xx_HAL_Driver/Src/stm32f3xx_hal.o
                0x20000a4c                uwTick
 .bss.pFlash    0x20000a50       0x20 ./Drivers/STM32F3xx_HAL_Driver/Src/stm32f3xx_hal_flash.o
                0x20000a50                pFlash
 .bss.__sf      0x20000a70      0x138 C:/ST/STM32CubeIDE_1.18.1/STM32CubeIDE/plugins/com.st.stm32cube.ide.mcu.externaltools.gnu-tools-for-stm32.13.3.rel1.win32_1.0.0.202411081344/tools/bin/../lib/gcc/arm-none-eabi/13.3.1/../../../../arm-none-eabi/lib/thumb/v7e-m/nofp\libc_nano.a(libc_a-findfp.o)
                0x20000a70                __sf
 .bss.errno     0x20000ba8        0x4 C:/ST/STM32CubeIDE_1.18.1/STM32CubeIDE/plugins/com.st.stm32cube.ide.mcu.externaltools.gnu-tools-for-stm32.13.3.rel1.win32_1.0.0.202411081344/tools/bin/../lib/gcc/arm-none-eabi/13.3.1/../../../../arm-none-eabi/lib/thumb/v7e-m/nofp\libc_nano.a(libc_a-reent.o)
                0x20000ba8                errno
 .bss.__lock___malloc_recursive_mutex
                0x20000bac        0x1 C:/ST/STM32CubeIDE_1.18.1/STM32CubeIDE/plugins/com.st.stm32cube.ide.mcu.externaltools.gnu-tools-for-stm32.13.3.rel1.win32_1.0.0.202411081344/tools/bin/../lib/gcc/arm-none-eabi/13.3.1/../../../../arm-none-eabi/lib/thumb/v7e-m/nofp\libc_nano.a(libc_a-lock.o)
                0x20000bac                __lock___malloc_recursive_mutex
 *fill*         0x20000bad        0x3 
 .bss.__malloc_sbrk_start
                0x20000bb0        0x4 C:/ST/STM32CubeIDE_1.18.1/STM32CubeIDE/plugins/com.st.stm32cube.ide.mcu.externaltools.gnu-tools-for-stm32.13.3.rel1.win32_1.0.0.202411081344/tools/bin/../lib/gcc/arm-none-eabi/13.3.1/../../../../arm-none-eabi/lib/thumb/v7e-m/nofp\libc_nano.a(libc_a-mallocr.o)
                0x20000bb0                __malloc_sbrk_start
 .bss.__malloc_free_list
                0x20000bb4        0x4 C:/ST/STM32CubeIDE_1.18.1/STM32CubeIDE/plugins/com.st.stm32cube.ide.mcu.externaltools.gnu-tools-for-stm32.13.3.rel1.win32_1.0.0.202411081344/tools/bin/../lib/gcc/arm-none-eabi/13.3.1/../../../../arm-none-eabi/lib/thumb/v7e-m/nofp\libc_nano.a(libc_a-mallocr.o)
                0x20000bb4                __malloc_free_list
 *(COMMON)
                0x20000bb8                        . = ALIGN (0x4)
                0x20000bb8                        _ebss = .
                0x20000bb8                        __bss_end__ = _ebss

._user_heap_stack
                0x20000bb8     0x1200
                0x20000bb8                        . = ALIGN (0x8)
                [!provide]                        PROVIDE (end = .)
                0x20000bb8                        PROVIDE (_end = .)
                0x20000db8                        . = (. + _Min_Heap_Size)
 *fill*         0x20000bb8      0x200 
                0x20001db8                        . = (. + _Min_Stack_Size)
 *fill*         0x20000db8     0x1000 
                0x20001db8                        . = ALIGN (0x8)

/DISCARD/
 libc.a(*)
 libm.a(*)
 libgcc.a(*)

.ARM.attributes
                0x00000000       0x2e
 *(.ARM.attributes)
 .ARM.attributes
                0x00000000       0x1e C:/ST/STM32CubeIDE_1.18.1/STM32CubeIDE/plugins/com.st.stm32cube.ide.mcu.externaltools.gnu-tools-for-stm32.13.3.rel1.win32_1.0.0.202411081344/tools/bin/../lib/gcc/arm-none-eabi/13.3.1/thumb/v7e-m/nofp/crti.o
 .ARM.attributes
                0x0000001e       0x2e C:/ST/STM32CubeIDE_1.18.1/STM32CubeIDE/plugins/com.st.stm32cube.ide.mcu.externaltools.gnu-tools-for-stm32.13.3.rel1.win32_1.0.0.202411081344/tools/bin/../lib/gcc/arm-none-eabi/13.3.1/thumb/v7e-m/nofp/crtbegin.o
 .ARM.attributes
                0x0000004c       0x2e ./Core/Src/cmox_low_level.o
 .ARM.attributes
                0x0000007a       0x2e ./Core/Src/main.o
 .ARM.attributes
                0x000000a8       0x2e ./Core/Src/secure_wrapper.o
 .ARM.attributes
                0x000000d6       0x2e ./Core/Src/stm32f3xx_hal_msp.o
 .ARM.attributes
                0x00000104       0x2e ./Core/Src/stm32f3xx_it.o
 .ARM.attributes
                0x00000132       0x2e ./Core/Src/sysmem.o
 .ARM.attributes
                0x00000160       0x2e ./Core/Src/system_stm32f3xx.o
 .ARM.attributes
                0x0000018e       0x21 ./Core/Startup/startup_stm32f303retx.o
 .ARM.attributes
                0x000001af       0x2e ./Drivers/STM32F3xx_HAL_Driver/Src/stm32f3xx_hal.o
 .ARM.attributes
                0x000001dd       0x2e ./Drivers/STM32F3xx_HAL_Driver/Src/stm32f3xx_hal_cortex.o
 .ARM.attributes
                0x0000020b       0x2e ./Drivers/STM32F3xx_HAL_Driver/Src/stm32f3xx_hal_crc.o
 .ARM.attributes
                0x00000239       0x2e ./Drivers/STM32F3xx_HAL_Driver/Src/stm32f3xx_hal_crc_ex.o
 .ARM.attributes
                0x00000267       0x2e ./Drivers/STM32F3xx_HAL_Driver/Src/stm32f3xx_hal_flash.o
 .ARM.attributes
                0x00000295       0x2e ./Drivers/STM32F3xx_HAL_Driver/Src/stm32f3xx_hal_flash_ex.o
 .ARM.attributes
                0x000002c3       0x2e ./Drivers/STM32F3xx_HAL_Driver/Src/stm32f3xx_hal_gpio.o
 .ARM.attributes
                0x000002f1       0x2e ./Drivers/STM32F3xx_HAL_Driver/Src/stm32f3xx_hal_rcc.o
 .ARM.attributes
                0x0000031f       0x2e ./Drivers/STM32F3xx_HAL_Driver/Src/stm32f3xx_hal_rcc_ex.o
 .ARM.attributes
                0x0000034d       0x2e ./Drivers/STM32F3xx_HAL_Driver/Src/stm32f3xx_hal_uart.o
 .ARM.attributes
                0x0000037b       0x4e D:\Embedded Systems\Bootloader_Developement\Booloader\STM32_Cryptographic\lib\libSTM32Cryptographic_CM4.a(cmox_ecc.c.o)
 .ARM.attributes
                0x000003c9       0x4c D:\Embedded Systems\Bootloader_Developement\Booloader\STM32_Cryptographic\lib\libSTM32Cryptographic_CM4.a(cmox_ecc_curve_p256.c.o)
 .ARM.attributes
                0x00000415       0x4c D:\Embedded Systems\Bootloader_Developement\Booloader\STM32_Cryptographic\lib\libSTM32Cryptographic_CM4.a(cmox_ecc_point_funcs.c.o)
 .ARM.attributes
                0x00000461       0x4e D:\Embedded Systems\Bootloader_Developement\Booloader\STM32_Cryptographic\lib\libSTM32Cryptographic_CM4.a(cmox_ecdsa.c.o)
 .ARM.attributes
                0x000004af       0x50 D:\Embedded Systems\Bootloader_Developement\Booloader\STM32_Cryptographic\lib\libSTM32Cryptographic_CM4.a(cmox_hash.c.o)
 .ARM.attributes
                0x000004ff       0x4e D:\Embedded Systems\Bootloader_Developement\Booloader\STM32_Cryptographic\lib\libSTM32Cryptographic_CM4.a(cmox_init.c.o)
 .ARM.attributes
                0x0000054d       0x50 D:\Embedded Systems\Bootloader_Developement\Booloader\STM32_Cryptographic\lib\libSTM32Cryptographic_CM4.a(cmox_math.c.o)
 .ARM.attributes
                0x0000059d       0x50 D:\Embedded Systems\Bootloader_Developement\Booloader\STM32_Cryptographic\lib\libSTM32Cryptographic_CM4.a(cmox_math_armv7em_llf.c.o)
 .ARM.attributes
                0x000005ed       0x50 D:\Embedded Systems\Bootloader_Developement\Booloader\STM32_Cryptographic\lib\libSTM32Cryptographic_CM4.a(cmox_mathutils.c.o)
 .ARM.attributes
                0x0000063d       0x50 D:\Embedded Systems\Bootloader_Developement\Booloader\STM32_Cryptographic\lib\libSTM32Cryptographic_CM4.a(cmox_membuf.c.o)
 .ARM.attributes
                0x0000068d       0x4e D:\Embedded Systems\Bootloader_Developement\Booloader\STM32_Cryptographic\lib\libSTM32Cryptographic_CM4.a(cmox_modexp.c.o)
 .ARM.attributes
                0x000006db       0x4c D:\Embedded Systems\Bootloader_Developement\Booloader\STM32_Cryptographic\lib\libSTM32Cryptographic_CM4.a(cmox_scalarmul.c.o)
 .ARM.attributes
                0x00000727       0x4e D:\Embedded Systems\Bootloader_Developement\Booloader\STM32_Cryptographic\lib\libSTM32Cryptographic_CM4.a(cmox_sha256.c.o)
 .ARM.attributes
                0x00000775       0x4e D:\Embedded Systems\Bootloader_Developement\Booloader\STM32_Cryptographic\lib\libSTM32Cryptographic_CM4.a(cmox_sha256_common.c.o)
 .ARM.attributes
                0x000007c3       0x4e D:\Embedded Systems\Bootloader_Developement\Booloader\STM32_Cryptographic\lib\libSTM32Cryptographic_CM4.a(cmox_utils_compare.c.o)
 .ARM.attributes
                0x00000811       0x50 D:\Embedded Systems\Bootloader_Developement\Booloader\STM32_Cryptographic\lib\libSTM32Cryptographic_CM4.a(cmox_bn.c.o)
 .ARM.attributes
                0x00000861       0x38 D:\Embedded Systems\Bootloader_Developement\Booloader\STM32_Cryptographic\lib\libSTM32Cryptographic_CM4.a(cmox_math_armv7em_ewarm_mm-mod4.s.o)
 .ARM.attributes
                0x00000899       0x38 D:\Embedded Systems\Bootloader_Developement\Booloader\STM32_Cryptographic\lib\libSTM32Cryptographic_CM4.a(cmox_math_armv7em_ewarm_montyred.s.o)
 .ARM.attributes
                0x000008d1       0x38 D:\Embedded Systems\Bootloader_Developement\Booloader\STM32_Cryptographic\lib\libSTM32Cryptographic_CM4.a(cmox_math_armv7em_ewarm_mul-os.s.o)
 .ARM.attributes
                0x00000909       0x4e D:\Embedded Systems\Bootloader_Developement\Booloader\STM32_Cryptographic\lib\libSTM32Cryptographic_CM4.a(cmox_md.c.o)
 .ARM.attributes
                0x00000957       0x2e C:/ST/STM32CubeIDE_1.18.1/STM32CubeIDE/plugins/com.st.stm32cube.ide.mcu.externaltools.gnu-tools-for-stm32.13.3.rel1.win32_1.0.0.202411081344/tools/bin/../lib/gcc/arm-none-eabi/13.3.1/../../../../arm-none-eabi/lib/thumb/v7e-m/nofp\libc_nano.a(libc_a-findfp.o)
 .ARM.attributes
                0x00000985       0x2e C:/ST/STM32CubeIDE_1.18.1/STM32CubeIDE/plugins/com.st.stm32cube.ide.mcu.externaltools.gnu-tools-for-stm32.13.3.rel1.win32_1.0.0.202411081344/tools/bin/../lib/gcc/arm-none-eabi/13.3.1/../../../../arm-none-eabi/lib/thumb/v7e-m/nofp\libc_nano.a(libc_a-vsprintf.o)
 .ARM.attributes
                0x000009b3       0x2e C:/ST/STM32CubeIDE_1.18.1/STM32CubeIDE/plugins/com.st.stm32cube.ide.mcu.externaltools.gnu-tools-for-stm32.13.3.rel1.win32_1.0.0.202411081344/tools/bin/../lib/gcc/arm-none-eabi/13.3.1/../../../../arm-none-eabi/lib/thumb/v7e-m/nofp\libc_nano.a(libc_a-memset.o)
 .ARM.attributes
                0x000009e1       0x2e C:/ST/STM32CubeIDE_1.18.1/STM32CubeIDE/plugins/com.st.stm32cube.ide.mcu.externaltools.gnu-tools-for-stm32.13.3.rel1.win32_1.0.0.202411081344/tools/bin/../lib/gcc/arm-none-eabi/13.3.1/../../../../arm-none-eabi/lib/thumb/v7e-m/nofp\libc_nano.a(libc_a-reent.o)
 .ARM.attributes
                0x00000a0f       0x2e C:/ST/STM32CubeIDE_1.18.1/STM32CubeIDE/plugins/com.st.stm32cube.ide.mcu.externaltools.gnu-tools-for-stm32.13.3.rel1.win32_1.0.0.202411081344/tools/bin/../lib/gcc/arm-none-eabi/13.3.1/../../../../arm-none-eabi/lib/thumb/v7e-m/nofp\libc_nano.a(libc_a-impure.o)
 .ARM.attributes
                0x00000a3d       0x2e C:/ST/STM32CubeIDE_1.18.1/STM32CubeIDE/plugins/com.st.stm32cube.ide.mcu.externaltools.gnu-tools-for-stm32.13.3.rel1.win32_1.0.0.202411081344/tools/bin/../lib/gcc/arm-none-eabi/13.3.1/../../../../arm-none-eabi/lib/thumb/v7e-m/nofp\libc_nano.a(libc_a-errno.o)
 .ARM.attributes
                0x00000a6b       0x2e C:/ST/STM32CubeIDE_1.18.1/STM32CubeIDE/plugins/com.st.stm32cube.ide.mcu.externaltools.gnu-tools-for-stm32.13.3.rel1.win32_1.0.0.202411081344/tools/bin/../lib/gcc/arm-none-eabi/13.3.1/../../../../arm-none-eabi/lib/thumb/v7e-m/nofp\libc_nano.a(libc_a-init.o)
 .ARM.attributes
                0x00000a99       0x2e C:/ST/STM32CubeIDE_1.18.1/STM32CubeIDE/plugins/com.st.stm32cube.ide.mcu.externaltools.gnu-tools-for-stm32.13.3.rel1.win32_1.0.0.202411081344/tools/bin/../lib/gcc/arm-none-eabi/13.3.1/../../../../arm-none-eabi/lib/thumb/v7e-m/nofp\libc_nano.a(libc_a-lock.o)
 .ARM.attributes
                0x00000ac7       0x2e C:/ST/STM32CubeIDE_1.18.1/STM32CubeIDE/plugins/com.st.stm32cube.ide.mcu.externaltools.gnu-tools-for-stm32.13.3.rel1.win32_1.0.0.202411081344/tools/bin/../lib/gcc/arm-none-eabi/13.3.1/../../../../arm-none-eabi/lib/thumb/v7e-m/nofp\libc_nano.a(libc_a-aeabi_memcpy.o)
 .ARM.attributes
                0x00000af5       0x2e C:/ST/STM32CubeIDE_1.18.1/STM32CubeIDE/plugins/com.st.stm32cube.ide.mcu.externaltools.gnu-tools-for-stm32.13.3.rel1.win32_1.0.0.202411081344/tools/bin/../lib/gcc/arm-none-eabi/13.3.1/../../../../arm-none-eabi/lib/thumb/v7e-m/nofp\libc_nano.a(libc_a-aeabi_memclr.o)
 .ARM.attributes
                0x00000b23       0x2e C:/ST/STM32CubeIDE_1.18.1/STM32CubeIDE/plugins/com.st.stm32cube.ide.mcu.externaltools.gnu-tools-for-stm32.13.3.rel1.win32_1.0.0.202411081344/tools/bin/../lib/gcc/arm-none-eabi/13.3.1/../../../../arm-none-eabi/lib/thumb/v7e-m/nofp\libc_nano.a(libc_a-memcpy-stub.o)
 .ARM.attributes
                0x00000b51       0x17 C:/ST/STM32CubeIDE_1.18.1/STM32CubeIDE/plugins/com.st.stm32cube.ide.mcu.externaltools.gnu-tools-for-stm32.13.3.rel1.win32_1.0.0.202411081344/tools/bin/../lib/gcc/arm-none-eabi/13.3.1/../../../../arm-none-eabi/lib/thumb/v7e-m/nofp\libc_nano.a(libc_a-strlen.o)
 .ARM.attributes
                0x00000b68       0x2e C:/ST/STM32CubeIDE_1.18.1/STM32CubeIDE/plugins/com.st.stm32cube.ide.mcu.externaltools.gnu-tools-for-stm32.13.3.rel1.win32_1.0.0.202411081344/tools/bin/../lib/gcc/arm-none-eabi/13.3.1/../../../../arm-none-eabi/lib/thumb/v7e-m/nofp\libc_nano.a(libc_a-freer.o)
 .ARM.attributes
                0x00000b96       0x2e C:/ST/STM32CubeIDE_1.18.1/STM32CubeIDE/plugins/com.st.stm32cube.ide.mcu.externaltools.gnu-tools-for-stm32.13.3.rel1.win32_1.0.0.202411081344/tools/bin/../lib/gcc/arm-none-eabi/13.3.1/../../../../arm-none-eabi/lib/thumb/v7e-m/nofp\libc_nano.a(libc_a-mallocr.o)
 .ARM.attributes
                0x00000bc4       0x2e C:/ST/STM32CubeIDE_1.18.1/STM32CubeIDE/plugins/com.st.stm32cube.ide.mcu.externaltools.gnu-tools-for-stm32.13.3.rel1.win32_1.0.0.202411081344/tools/bin/../lib/gcc/arm-none-eabi/13.3.1/../../../../arm-none-eabi/lib/thumb/v7e-m/nofp\libc_nano.a(libc_a-mlock.o)
 .ARM.attributes
                0x00000bf2       0x2e C:/ST/STM32CubeIDE_1.18.1/STM32CubeIDE/plugins/com.st.stm32cube.ide.mcu.externaltools.gnu-tools-for-stm32.13.3.rel1.win32_1.0.0.202411081344/tools/bin/../lib/gcc/arm-none-eabi/13.3.1/../../../../arm-none-eabi/lib/thumb/v7e-m/nofp\libc_nano.a(libc_a-nano-svfprintf.o)
 .ARM.attributes
                0x00000c20       0x2e C:/ST/STM32CubeIDE_1.18.1/STM32CubeIDE/plugins/com.st.stm32cube.ide.mcu.externaltools.gnu-tools-for-stm32.13.3.rel1.win32_1.0.0.202411081344/tools/bin/../lib/gcc/arm-none-eabi/13.3.1/../../../../arm-none-eabi/lib/thumb/v7e-m/nofp\libc_nano.a(libc_a-nano-vfprintf_i.o)
 .ARM.attributes
                0x00000c4e       0x2e C:/ST/STM32CubeIDE_1.18.1/STM32CubeIDE/plugins/com.st.stm32cube.ide.mcu.externaltools.gnu-tools-for-stm32.13.3.rel1.win32_1.0.0.202411081344/tools/bin/../lib/gcc/arm-none-eabi/13.3.1/../../../../arm-none-eabi/lib/thumb/v7e-m/nofp\libc_nano.a(libc_a-memmove.o)
 .ARM.attributes
                0x00000c7c       0x2e C:/ST/STM32CubeIDE_1.18.1/STM32CubeIDE/plugins/com.st.stm32cube.ide.mcu.externaltools.gnu-tools-for-stm32.13.3.rel1.win32_1.0.0.202411081344/tools/bin/../lib/gcc/arm-none-eabi/13.3.1/../../../../arm-none-eabi/lib/thumb/v7e-m/nofp\libc_nano.a(libc_a-sbrkr.o)
 .ARM.attributes
                0x00000caa       0x2e C:/ST/STM32CubeIDE_1.18.1/STM32CubeIDE/plugins/com.st.stm32cube.ide.mcu.externaltools.gnu-tools-for-stm32.13.3.rel1.win32_1.0.0.202411081344/tools/bin/../lib/gcc/arm-none-eabi/13.3.1/../../../../arm-none-eabi/lib/thumb/v7e-m/nofp\libc_nano.a(libc_a-aeabi_memset.o)
 .ARM.attributes
                0x00000cd8       0x1c C:/ST/STM32CubeIDE_1.18.1/STM32CubeIDE/plugins/com.st.stm32cube.ide.mcu.externaltools.gnu-tools-for-stm32.13.3.rel1.win32_1.0.0.202411081344/tools/bin/../lib/gcc/arm-none-eabi/13.3.1/../../../../arm-none-eabi/lib/thumb/v7e-m/nofp\libc_nano.a(libc_a-memchr.o)
 .ARM.attributes
                0x00000cf4       0x2e C:/ST/STM32CubeIDE_1.18.1/STM32CubeIDE/plugins/com.st.stm32cube.ide.mcu.externaltools.gnu-tools-for-stm32.13.3.rel1.win32_1.0.0.202411081344/tools/bin/../lib/gcc/arm-none-eabi/13.3.1/../../../../arm-none-eabi/lib/thumb/v7e-m/nofp\libc_nano.a(libc_a-reallocr.o)
 .ARM.attributes
                0x00000d22       0x2e C:/ST/STM32CubeIDE_1.18.1/STM32CubeIDE/plugins/com.st.stm32cube.ide.mcu.externaltools.gnu-tools-for-stm32.13.3.rel1.win32_1.0.0.202411081344/tools/bin/../lib/gcc/arm-none-eabi/13.3.1/../../../../arm-none-eabi/lib/thumb/v7e-m/nofp\libc_nano.a(libc_a-msizer.o)
 .ARM.attributes
                0x00000d50       0x1e C:/ST/STM32CubeIDE_1.18.1/STM32CubeIDE/plugins/com.st.stm32cube.ide.mcu.externaltools.gnu-tools-for-stm32.13.3.rel1.win32_1.0.0.202411081344/tools/bin/../lib/gcc/arm-none-eabi/13.3.1/thumb/v7e-m/nofp/crtn.o
OUTPUT(Booloader.elf elf32-littlearm)
LOAD linker stubs
LOAD C:/ST/STM32CubeIDE_1.18.1/STM32CubeIDE/plugins/com.st.stm32cube.ide.mcu.externaltools.gnu-tools-for-stm32.13.3.rel1.win32_1.0.0.202411081344/tools/bin/../lib/gcc/arm-none-eabi/13.3.1/../../../../arm-none-eabi/lib/thumb/v7e-m/nofp\libc.a
LOAD C:/ST/STM32CubeIDE_1.18.1/STM32CubeIDE/plugins/com.st.stm32cube.ide.mcu.externaltools.gnu-tools-for-stm32.13.3.rel1.win32_1.0.0.202411081344/tools/bin/../lib/gcc/arm-none-eabi/13.3.1/../../../../arm-none-eabi/lib/thumb/v7e-m/nofp\libm.a
LOAD C:/ST/STM32CubeIDE_1.18.1/STM32CubeIDE/plugins/com.st.stm32cube.ide.mcu.externaltools.gnu-tools-for-stm32.13.3.rel1.win32_1.0.0.202411081344/tools/bin/../lib/gcc/arm-none-eabi/13.3.1/thumb/v7e-m/nofp\libgcc.a

.debug_info     0x00000000     0xaff9
 .debug_info    0x00000000      0x1c4 ./Core/Src/cmox_low_level.o
 .debug_info    0x000001c4     0x1500 ./Core/Src/main.o
 .debug_info    0x000016c4      0x3c2 ./Core/Src/secure_wrapper.o
 .debug_info    0x00001a86      0xb25 ./Core/Src/stm32f3xx_hal_msp.o
 .debug_info    0x000025ab      0x11a ./Core/Src/stm32f3xx_it.o
 .debug_info    0x000026c5      0x168 ./Core/Src/sysmem.o
 .debug_info    0x0000282d      0x236 ./Core/Src/system_stm32f3xx.o
 .debug_info    0x00002a63       0x30 ./Core/Startup/startup_stm32f303retx.o
 .debug_info    0x00002a93      0x804 ./Drivers/STM32F3xx_HAL_Driver/Src/stm32f3xx_hal.o
 .debug_info    0x00003297      0xd14 ./Drivers/STM32F3xx_HAL_Driver/Src/stm32f3xx_hal_cortex.o
 .debug_info    0x00003fab      0x530 ./Drivers/STM32F3xx_HAL_Driver/Src/stm32f3xx_hal_crc.o
 .debug_info    0x000044db      0x35b ./Drivers/STM32F3xx_HAL_Driver/Src/stm32f3xx_hal_crc_ex.o
 .debug_info    0x00004836      0x4f5 ./Drivers/STM32F3xx_HAL_Driver/Src/stm32f3xx_hal_flash.o
 .debug_info    0x00004d2b      0x7cb ./Drivers/STM32F3xx_HAL_Driver/Src/stm32f3xx_hal_flash_ex.o
 .debug_info    0x000054f6      0x6a6 ./Drivers/STM32F3xx_HAL_Driver/Src/stm32f3xx_hal_gpio.o
 .debug_info    0x00005b9c     0x149a ./Drivers/STM32F3xx_HAL_Driver/Src/stm32f3xx_hal_rcc.o
 .debug_info    0x00007036      0x61b ./Drivers/STM32F3xx_HAL_Driver/Src/stm32f3xx_hal_rcc_ex.o
 .debug_info    0x00007651     0x39a8 ./Drivers/STM32F3xx_HAL_Driver/Src/stm32f3xx_hal_uart.o

.debug_abbrev   0x00000000     0x217c
 .debug_abbrev  0x00000000       0xf1 ./Core/Src/cmox_low_level.o
 .debug_abbrev  0x000000f1      0x3c6 ./Core/Src/main.o
 .debug_abbrev  0x000004b7      0x15d ./Core/Src/secure_wrapper.o
 .debug_abbrev  0x00000614      0x1c4 ./Core/Src/stm32f3xx_hal_msp.o
 .debug_abbrev  0x000007d8       0x73 ./Core/Src/stm32f3xx_it.o
 .debug_abbrev  0x0000084b       0xbc ./Core/Src/sysmem.o
 .debug_abbrev  0x00000907      0x11c ./Core/Src/system_stm32f3xx.o
 .debug_abbrev  0x00000a23       0x24 ./Core/Startup/startup_stm32f303retx.o
 .debug_abbrev  0x00000a47      0x215 ./Drivers/STM32F3xx_HAL_Driver/Src/stm32f3xx_hal.o
 .debug_abbrev  0x00000c5c      0x31e ./Drivers/STM32F3xx_HAL_Driver/Src/stm32f3xx_hal_cortex.o
 .debug_abbrev  0x00000f7a      0x1ee ./Drivers/STM32F3xx_HAL_Driver/Src/stm32f3xx_hal_crc.o
 .debug_abbrev  0x00001168      0x151 ./Drivers/STM32F3xx_HAL_Driver/Src/stm32f3xx_hal_crc_ex.o
 .debug_abbrev  0x000012b9      0x258 ./Drivers/STM32F3xx_HAL_Driver/Src/stm32f3xx_hal_flash.o
 .debug_abbrev  0x00001511      0x2af ./Drivers/STM32F3xx_HAL_Driver/Src/stm32f3xx_hal_flash_ex.o
 .debug_abbrev  0x000017c0      0x1ca ./Drivers/STM32F3xx_HAL_Driver/Src/stm32f3xx_hal_gpio.o
 .debug_abbrev  0x0000198a      0x300 ./Drivers/STM32F3xx_HAL_Driver/Src/stm32f3xx_hal_rcc.o
 .debug_abbrev  0x00001c8a      0x221 ./Drivers/STM32F3xx_HAL_Driver/Src/stm32f3xx_hal_rcc_ex.o
 .debug_abbrev  0x00001eab      0x2d1 ./Drivers/STM32F3xx_HAL_Driver/Src/stm32f3xx_hal_uart.o

.debug_aranges  0x00000000      0x900
 .debug_aranges
                0x00000000       0x28 ./Core/Src/cmox_low_level.o
 .debug_aranges
                0x00000028       0xa0 ./Core/Src/main.o
 .debug_aranges
                0x000000c8       0x30 ./Core/Src/secure_wrapper.o
 .debug_aranges
                0x000000f8       0x40 ./Core/Src/stm32f3xx_hal_msp.o
 .debug_aranges
                0x00000138       0x60 ./Core/Src/stm32f3xx_it.o
 .debug_aranges
                0x00000198       0x20 ./Core/Src/sysmem.o
 .debug_aranges
                0x000001b8       0x28 ./Core/Src/system_stm32f3xx.o
 .debug_aranges
                0x000001e0       0x28 ./Core/Startup/startup_stm32f303retx.o
 .debug_aranges
                0x00000208       0xe0 ./Drivers/STM32F3xx_HAL_Driver/Src/stm32f3xx_hal.o
 .debug_aranges
                0x000002e8      0x128 ./Drivers/STM32F3xx_HAL_Driver/Src/stm32f3xx_hal_cortex.o
 .debug_aranges
                0x00000410       0x60 ./Drivers/STM32F3xx_HAL_Driver/Src/stm32f3xx_hal_crc.o
 .debug_aranges
                0x00000470       0x30 ./Drivers/STM32F3xx_HAL_Driver/Src/stm32f3xx_hal_crc_ex.o
 .debug_aranges
                0x000004a0       0x88 ./Drivers/STM32F3xx_HAL_Driver/Src/stm32f3xx_hal_flash.o
 .debug_aranges
                0x00000528       0x98 ./Drivers/STM32F3xx_HAL_Driver/Src/stm32f3xx_hal_flash_ex.o
 .debug_aranges
                0x000005c0       0x58 ./Drivers/STM32F3xx_HAL_Driver/Src/stm32f3xx_hal_gpio.o
 .debug_aranges
                0x00000618       0x88 ./Drivers/STM32F3xx_HAL_Driver/Src/stm32f3xx_hal_rcc.o
 .debug_aranges
                0x000006a0       0x38 ./Drivers/STM32F3xx_HAL_Driver/Src/stm32f3xx_hal_rcc_ex.o
 .debug_aranges
                0x000006d8      0x228 ./Drivers/STM32F3xx_HAL_Driver/Src/stm32f3xx_hal_uart.o

.debug_rnglists
                0x00000000      0x6c8
 .debug_rnglists
                0x00000000       0x19 ./Core/Src/cmox_low_level.o
 .debug_rnglists
                0x00000019       0x78 ./Core/Src/main.o
 .debug_rnglists
                0x00000091       0x1f ./Core/Src/secure_wrapper.o
 .debug_rnglists
                0x000000b0       0x2c ./Core/Src/stm32f3xx_hal_msp.o
 .debug_rnglists
                0x000000dc       0x43 ./Core/Src/stm32f3xx_it.o
 .debug_rnglists
                0x0000011f       0x13 ./Core/Src/sysmem.o
 .debug_rnglists
                0x00000132       0x1a ./Core/Src/system_stm32f3xx.o
 .debug_rnglists
                0x0000014c       0x19 ./Core/Startup/startup_stm32f303retx.o
 .debug_rnglists
                0x00000165       0xa3 ./Drivers/STM32F3xx_HAL_Driver/Src/stm32f3xx_hal.o
 .debug_rnglists
                0x00000208       0xd9 ./Drivers/STM32F3xx_HAL_Driver/Src/stm32f3xx_hal_cortex.o
 .debug_rnglists
                0x000002e1       0x47 ./Drivers/STM32F3xx_HAL_Driver/Src/stm32f3xx_hal_crc.o
 .debug_rnglists
                0x00000328       0x20 ./Drivers/STM32F3xx_HAL_Driver/Src/stm32f3xx_hal_crc_ex.o
 .debug_rnglists
                0x00000348       0x65 ./Drivers/STM32F3xx_HAL_Driver/Src/stm32f3xx_hal_flash.o
 .debug_rnglists
                0x000003ad       0x74 ./Drivers/STM32F3xx_HAL_Driver/Src/stm32f3xx_hal_flash_ex.o
 .debug_rnglists
                0x00000421       0x3f ./Drivers/STM32F3xx_HAL_Driver/Src/stm32f3xx_hal_gpio.o
 .debug_rnglists
                0x00000460       0x66 ./Drivers/STM32F3xx_HAL_Driver/Src/stm32f3xx_hal_rcc.o
 .debug_rnglists
                0x000004c6       0x28 ./Drivers/STM32F3xx_HAL_Driver/Src/stm32f3xx_hal_rcc_ex.o
 .debug_rnglists
                0x000004ee      0x1da ./Drivers/STM32F3xx_HAL_Driver/Src/stm32f3xx_hal_uart.o

.debug_macro    0x00000000    0x21f22
 .debug_macro   0x00000000      0x2bc ./Core/Src/cmox_low_level.o
 .debug_macro   0x000002bc      0xacc ./Core/Src/cmox_low_level.o
 .debug_macro   0x00000d88       0x22 ./Core/Src/cmox_low_level.o
 .debug_macro   0x00000daa       0x8e ./Core/Src/cmox_low_level.o
 .debug_macro   0x00000e38       0x51 ./Core/Src/cmox_low_level.o
 .debug_macro   0x00000e89      0x103 ./Core/Src/cmox_low_level.o
 .debug_macro   0x00000f8c       0x6a ./Core/Src/cmox_low_level.o
 .debug_macro   0x00000ff6      0x1df ./Core/Src/cmox_low_level.o
 .debug_macro   0x000011d5       0x24 ./Core/Src/cmox_low_level.o
 .debug_macro   0x000011f9       0x61 ./Core/Src/cmox_low_level.o
 .debug_macro   0x0000125a       0x43 ./Core/Src/cmox_low_level.o
 .debug_macro   0x0000129d       0x34 ./Core/Src/cmox_low_level.o
 .debug_macro   0x000012d1       0x16 ./Core/Src/cmox_low_level.o
 .debug_macro   0x000012e7      0x11c ./Core/Src/cmox_low_level.o
 .debug_macro   0x00001403       0x9b ./Core/Src/cmox_low_level.o
 .debug_macro   0x0000149e      0x370 ./Core/Src/cmox_low_level.o
 .debug_macro   0x0000180e       0x16 ./Core/Src/cmox_low_level.o
 .debug_macro   0x00001824       0x4a ./Core/Src/cmox_low_level.o
 .debug_macro   0x0000186e       0x34 ./Core/Src/cmox_low_level.o
 .debug_macro   0x000018a2       0x10 ./Core/Src/cmox_low_level.o
 .debug_macro   0x000018b2       0x58 ./Core/Src/cmox_low_level.o
 .debug_macro   0x0000190a       0x8e ./Core/Src/cmox_low_level.o
 .debug_macro   0x00001998       0x1c ./Core/Src/cmox_low_level.o
 .debug_macro   0x000019b4      0x185 ./Core/Src/cmox_low_level.o
 .debug_macro   0x00001b39       0x16 ./Core/Src/cmox_low_level.o
 .debug_macro   0x00001b4f       0x29 ./Core/Src/cmox_low_level.o