23:19:24 **** Incremental Build of configuration Debug for project Booloader ****
make -j16 all 
arm-none-eabi-gcc "../Core/Src/main.c" -mcpu=cortex-m4 -std=gnu11 -g3 -DDEBUG -DUSE_HAL_DRIVER -DSTM32F303xE -c -I../Core/Inc -I../Drivers/STM32F3xx_HAL_Driver/Inc -I../Drivers/STM32F3xx_HAL_Driver/Inc/Legacy -I../Drivers/CMSIS/Device/ST/STM32F3xx/Include -I../Drivers/CMSIS/Include -I../STM32_Cryptographic/include -O0 -ffunction-sections -fdata-sections -Wall -fstack-usage -fcyclomatic-complexity -MMD -MP -MF"Core/Src/main.d" -MT"Core/Src/main.o" --specs=nano.specs -mfpu=fpv4-sp-d16 -mfloat-abi=soft -mthumb -o "Core/Src/main.o"
arm-none-eabi-gcc -o "Booloader.elf" @"objects.list"  -lSTM32Cryptographic_CM4 -mcpu=cortex-m4 -T"D:\Embedded Systems\Bootloader_Developement\Booloader\STM32F303RETX_FLASH.ld" --specs=nosys.specs -Wl,-Map="Booloader.map" -Wl,--gc-sections -static -L"D:\Embedded Systems\Bootloader_Developement\Booloader\STM32_Cryptographic\lib" --specs=nano.specs -mfpu=fpv4-sp-d16 -mfloat-abi=soft -mthumb -Wl,--start-group -lc -lm -Wl,--end-group
Finished building target: Booloader.elf
 
arm-none-eabi-size  Booloader.elf 
arm-none-eabi-objdump -h -S Booloader.elf  > "Booloader.list"
   text	   data	    bss	    dec	    hex	filename
  39560	    108	   7416	  47084	   b7ec	Booloader.elf
arm-none-eabi-objcopy  -O ihex Booloader.elf  "Booloader.hex"
Finished building: default.size.stdout
 
Finished building: Booloader.list
Finished building: Booloader.hex
 
arm-none-eabi-objcopy  -O binary Booloader.elf  "Booloader.bin"
 
Finished building: Booloader.bin
 
23:21:32 **** Incremental Build of configuration Debug for project Booloader ****
make -j16 all 
arm-none-eabi-size  Booloader.elf 
   text	   data	    bss	    dec	    hex	filename
  39560	    108	   7416	  47084	   b7ec	Booloader.elf
Finished building: default.size.stdout
 
